ASxxxx Linker V03.00 + NoICE + sdld,  page 1.
Hexadecimal  [32-Bits]

Area                       Addr        Size        Decimal Bytes (Attributes)
--------------------       ----        ----        ------- ----- ------------
.  .ABS.               00000000    00000000 =           0. bytes (ABS,CON)

        Value  Global            Value  Global            Value  Global    
        -----  ------            -----  ------            -----  ------    
     00000000  .__.ABS.  |    00000000  l__CABS   |    00000000  l__CODE_0
     00000000  l__DABS   |    00000000  l__EMU_HE |    00000000  l__GSFINA
     00000000  l__HEADER |    00000000  l__HEAP   |    00000000  l__HRAM  
     00000000  l__LIT    |    00000000  l__SFR    |    00000000  s__CABS  
     00000000  s__DABS   |    00000000  s__EMU_HE |    00000000  s__EMU_HE
     00000000  s__HEADER |    00000000  s__HEADER |    00000000  s__HEADER
     00000000  s__HEADER |    00000000  s__HEADER |    00000000  s__HEADER
     00000000  s__HEADER |    00000000  s__HEADER |    00000000  s__HEADER
     00000000  s__HEADER |    00000000  s__HEADER |    00000000  s__HEADER
     00000000  s__HEADER |    00000000  s__HEADER |    00000000  s__HEADER
     00000000  s__HEADER |    00000000  s__HEADER |    00000000  s__HRAM  
     00000000  s__HRAM10 |    00000000  s__SFR    |    00000000  s__SFR0  
     00000000  s__SFR1   |    00000000  s__SFR10  |    00000000  s__SFR11 
     00000000  s__SFR12  |    00000000  s__SFR13  |    00000000  s__SFR14 
     00000000  s__SFR15  |    00000000  s__SFR16  |    00000000  s__SFR17 
     00000000  s__SFR18  |    00000000  s__SFR19  |    00000000  s__SFR1a 
     00000000  s__SFR1b  |    00000000  s__SFR1c  |    00000000  s__SFR1d 
     00000000  s__SFR1e  |    00000000  s__SFR1f  |    00000000  s__SFR2  
     00000000  s__SFR20  |    00000000  s__SFR21  |    00000000  s__SFR22 
     00000000  s__SFR23  |    00000000  s__SFR24  |    00000000  s__SFR25 
     00000000  s__SFR26  |    00000000  s__SFR27  |    00000000  s__SFR28 
     00000000  s__SFR29  |    00000000  s__SFR2a  |    00000000  s__SFR2b 
     00000000  s__SFR2c  |    00000000  s__SFR2d  |    00000000  s__SFR2e 
     00000000  s__SFR2f  |    00000000  s__SFR3   |    00000000  s__SFR30 
     00000000  s__SFR31  |    00000000  s__SFR32  |    00000000  s__SFR33 
     00000000  s__SFR34  |    00000000  s__SFR35  |    00000000  s__SFR36 
     00000000  s__SFR4   |    00000000  s__SFR5   |    00000000  s__SFR6  
     00000000  s__SFR7   |    00000000  s__SFR8   |    00000000  s__SFR9  
     00000000  s__SFRa   |    00000000  s__SFRb   |    00000000  s__SFRc  
     00000000  s__SFRd   |    00000000  s__SFRe   |    00000000  s__SFRf  
     00000001  l__GSINIT |    00000001  l__HEADER |    00000001  l__HEADER
     00000001  l__HEADER |    00000001  l__HEADER |    00000001  l__HEADER
     00000001  l__HEADER |    00000001  l__HEADER |    00000001  l__HEADER
     00000001  l__HRAM10 |    00000001  l__SFR0   |    00000001  l__SFR1  
     00000001  l__SFR10  |    00000001  l__SFR11  |    00000001  l__SFR12 
     00000001  l__SFR13  |    00000001  l__SFR14  |    00000001  l__SFR15 
     00000001  l__SFR16  |    00000001  l__SFR17  |    00000001  l__SFR18 
     00000001  l__SFR19  |    00000001  l__SFR1a  |    00000001  l__SFR1b 
     00000001  l__SFR1c  |    00000001  l__SFR1d  |    00000001  l__SFR1e 
     00000001  l__SFR1f  |    00000001  l__SFR2   |    00000001  l__SFR20 
     00000001  l__SFR21  |    00000001  l__SFR22  |    00000001  l__SFR23 
     00000001  l__SFR24  |    00000001  l__SFR25  |    00000001  l__SFR26 
     00000001  l__SFR27  |    00000001  l__SFR28  |    00000001  l__SFR29 
     00000001  l__SFR2a  |    00000001  l__SFR2b  |    00000001  l__SFR2c 
     00000001  l__SFR2d  |    00000001  l__SFR2e  |    00000001  l__SFR2f 
     00000001  l__SFR3   |    00000001  l__SFR30  |    00000001  l__SFR31 
     00000001  l__SFR32  |    00000001  l__SFR33  |    00000001  l__SFR34 
     00000001  l__SFR35  |    00000001  l__SFR36  |    00000001  l__SFR4  
     00000001  l__SFR5   |    00000001  l__SFR6   |    00000001  l__SFR7  
     00000001  l__SFR8   |    00000001  l__SFR9   |    00000001  l__SFRa  
ASxxxx Linker V03.00 + NoICE + sdld,  page 2.
Hexadecimal  [32-Bits]

Area                       Addr        Size        Decimal Bytes (Attributes)
--------------------       ----        ----        ------- ----- ------------
.  .ABS.               00000000    00000000 =           0. bytes (ABS,CON)

        Value  Global            Value  Global            Value  Global    
        -----  ------            -----  ------            -----  ------    
     00000001  l__SFRb   |    00000001  l__SFRc   |    00000001  l__SFRd  
     00000001  l__SFRe   |    00000001  l__SFRf   |    00000002  l__HEADER
     00000002  l__HEADER |    00000003  l__EMU_HE |    00000003  l__HEADER
     00000006  l__HEADER |    00000008  l__HEADER |    00000017  l__BSS   
     0000001A  l__HEADER |    00000034  l__HEADER |    00000075  l__HEADER
     00000169  l__HOME   |    000001C9  l__BASE   |    000001CE  l__CODE_9
     00000200  s__CODE   |    0000051C  l__GSINIT |    00000C40  l__CODE_7
     00000C8A  l__CODE_8 |    00000E16  l__DATA   |    00001B2F  l__CODE_5
     0000227C  l__CODE   |    0000247C  s__HOME   |    000025E5  s__BASE  
     000027AE  s__CODE_0 |    000027AE  s__GSINIT |    000027AE  s__LIT   
     00002CCA  s__GSINIT |    00002CCB  s__GSFINA |    00002CEA  l__CODE_4
     000032A5  l__CODE_1 |    00003DD1  l__CODE_6 |    0000C000  _shadow_O
     0000C0A0  s__DATA   |    0000CEB6  s__BSS    |    0000CECD  s__HEAP  
     0000DEFF  .STACK    |    0000FF80  .refresh_ |    00014000  s__CODE_1
     00044000  s__CODE_4 |    00054000  s__CODE_5 |    00064000  s__CODE_6
     00074000  s__CODE_7 |    00084000  s__CODE_8 |    00094000  s__CODE_9
ASxxxx Linker V03.00 + NoICE + sdld,  page 3.
Hexadecimal  [32-Bits]

Area                       Addr        Size        Decimal Bytes (Attributes)
--------------------       ----        ----        ------- ----- ------------
_CODE                  00000200    0000227C =        8828. bytes (REL,CON)

        Value  Global            Value  Global            Value  Global    
        -----  ------            -----  ------            -----  ------    
     00000200  A$main$73 |    00000200  C$main.c$ |    00000200  C$main.c$
     00000200  G$main$0$ |    00000200  _main     |    00000203  A$main$77
     00000203  C$main.c$ |    00000206  A$main$81 |    00000206  C$main.c$
     00000208  A$main$82 |    0000020A  A$main$86 |    0000020A  C$main.c$
     0000020C  A$main$87 |    0000020E  A$main$88 |    00000210  A$main$89
     00000212  A$main$90 |    00000214  A$main$91 |    00000216  A$main$95
     00000216  C$main.c$ |    00000219  A$main$96 |    0000021A  A$main$97
     0000021C  A$main$98 |    0000021D  A$main$99 |    0000021E  A$main$10
     0000021F  A$main$10 |    00000220  A$main$10 |    00000221  A$main$10
     00000224  A$main$10 |    00000226  A$main$10 |    00000226  C$gb.h$63
     00000229  A$main$10 |    0000022B  A$main$11 |    0000022E  A$main$11
     00000230  A$main$11 |    00000230  C$main.c$ |    00000233  A$main$11
     00000234  A$main$12 |    00000234  C$gb.h$61 |    00000237  A$main$12
     00000238  A$main$12 |    00000238  C$main.c$ |    0000023B  A$main$12
     0000023C  A$main$13 |    0000023C  C$gb.h$61 |    0000023F  A$main$13
     00000240  A$main$13 |    00000240  C$gb.h$65 |    00000243  A$main$13
     00000243  C$gb.h$65 |    00000245  A$main$14 |    00000246  A$main$14
     00000248  A$main$14 |    00000248  C$gb.h$65 |    0000024B  A$main$14
     0000024B  C$gb.h$65 |    0000024D  A$main$15 |    0000024E  A$main$15
     00000250  A$main$15 |    00000250  C$main.c$ |    00000253  A$main$15
     00000254  A$main$15 |    00000257  A$main$15 |    00000259  A$main$16
     00000259  C$main.c$ |    0000025B  A$main$16 |    0000025D  A$main$16
     0000025F  A$main$16 |    0000025F  C$main.c$ |    00000262  A$main$17
     00000262  C$main.c$ |    00000264  A$main$17 |    00000264  C$main.c$
     00000267  A$main$18 |    00000267  C$main.c$ |    00000268  A$main$18
     00000268  C$gb.h$65 |    0000026B  A$main$18 |    0000026B  C$gb.h$65
     0000026D  A$main$19 |    0000026E  A$main$19 |    0000026F  A$main$19
     0000026F  C$main.c$ |    00000270  A$main$19 |    00000272  A$main$19
     00000273  A$main$20 |    00000273  C$gb.h$65 |    00000276  A$main$20
     00000276  C$gb.h$65 |    00000278  A$main$20 |    00000279  A$main$20
     0000027A  A$main$22 |    0000027A  C$main.c$ |    0000027A  C$main.c$
     0000027A  C$main.c$ |    0000027A  XG$main$0 |    0000027C  G$startFu
     0000027C  _startFun |    00000288  G$updateF |    00000288  _updateFu
     00000294  G$stateBa |    00000294  _stateBan |    0000029A  G$earth_d
     0000029A  _earth_da |    0000045A  G$earth_t |    0000045A  _earth_ti
     00000497  _UpdateAc |    0000070F  _UpdateCa |    0000084C  _SetTile 
     00000863  _WaitForM |    00000889  gbt_get_p |    000008A8  _gbt_play
     00000963  _gbt_paus |    00000974  _gbt_loop |    0000097B  _gbt_stop
     00000986  _gbt_enab |    0000098D  _gbt_upda |    00000A92  A$Actor$1
     00000A92  C$Actor.c |    00000A92  G$ActorsI |    00000A92  _ActorsIn
     00000A93  A$Actor$1 |    00000A93  C$Actor.c |    00000A94  A$Actor$1
     00000A96  A$Actor$1 |    00000A97  A$Actor$1 |    00000A97  C$Actor.c
     00000A99  A$Actor$1 |    00000A9A  A$Actor$1 |    00000A9C  A$Actor$1
     00000A9D  A$Actor$1 |    00000A9E  A$Actor$1 |    00000A9F  A$Actor$1
     00000AA1  A$Actor$1 |    00000AA2  A$Actor$1 |    00000AA3  A$Actor$1
     00000AA5  A$Actor$1 |    00000AA6  A$Actor$1 |    00000AA7  A$Actor$1
     00000AA9  A$Actor$1 |    00000AAA  A$Actor$1 |    00000AAC  A$Actor$1
     00000AAD  A$Actor$1 |    00000AAE  A$Actor$1 |    00000AAF  A$Actor$1
     00000AB0  A$Actor$1 |    00000AB1  A$Actor$1 |    00000AB2  A$Actor$1
     00000AB3  A$Actor$1 |    00000AB4  A$Actor$1 |    00000AB5  A$Actor$1
ASxxxx Linker V03.00 + NoICE + sdld,  page 4.
Hexadecimal  [32-Bits]

Area                       Addr        Size        Decimal Bytes (Attributes)
--------------------       ----        ----        ------- ----- ------------
_CODE                  00000200    0000227C =        8828. bytes (REL,CON)

        Value  Global            Value  Global            Value  Global    
        -----  ------            -----  ------            -----  ------    
     00000AB6  A$Actor$1 |    00000AB9  A$Actor$1 |    00000ABA  A$Actor$1
     00000ABB  A$Actor$1 |    00000ABC  A$Actor$1 |    00000ABD  A$Actor$1
     00000ABE  A$Actor$1 |    00000ABF  A$Actor$1 |    00000AC0  A$Actor$1
     00000AC1  A$Actor$1 |    00000AC1  C$Actor.c |    00000AC3  A$Actor$1
     00000AC4  A$Actor$1 |    00000AC5  A$Actor$1 |    00000AC7  A$Actor$1
     00000AC9  A$Actor$1 |    00000ACA  A$Actor$1 |    00000ACA  C$Actor.c
     00000ACA  XG$Actors |    00000ACB  A$Actor$1 |    00000ACB  C$Actor.c
     00000ACB  C$Actor.c |    00000ACB  G$Activat |    00000ACB  _Activate
     00000ACD  A$Actor$2 |    00000ACE  A$Actor$2 |    00000ACF  A$Actor$2
     00000AD2  A$Actor$2 |    00000AD3  A$Actor$2 |    00000AD3  C$Actor.c
     00000AD5  A$Actor$2 |    00000AD6  A$Actor$2 |    00000AD7  A$Actor$2
     00000AD8  A$Actor$2 |    00000ADB  A$Actor$2 |    00000ADC  A$Actor$2
     00000ADC  C$Actor.c |    00000ADC  C$Actor.c |    00000ADC  XG$Activa
     00000ADF  A$Actor$2 |    00000ADF  C$Actor.c |    00000ADF  C$Actor.c
     00000ADF  G$Deactiv |    00000ADF  _Deactiva |    00000AE1  A$Actor$2
     00000AE2  A$Actor$2 |    00000AE3  A$Actor$2 |    00000AE6  A$Actor$2
     00000AE7  A$Actor$2 |    00000AE7  C$Actor.c |    00000AE9  A$Actor$2
     00000AEA  A$Actor$2 |    00000AEB  A$Actor$2 |    00000AEC  A$Actor$2
     00000AEF  A$Actor$2 |    00000AF0  A$Actor$2 |    00000AF0  C$Actor.c
     00000AF0  C$Actor.c |    00000AF0  XG$Deacti |    00000AF3  A$Actor$2
     00000AF3  C$Actor.c |    00000AF3  G$Deactiv |    00000AF3  _Deactiva
     00000AF5  A$Actor$2 |    00000AF5  C$Actor.c |    00000AF7  A$Actor$2
     00000AF8  A$Actor$2 |    00000AFB  A$Actor$2 |    00000AFC  A$Actor$2
     00000AFD  A$Actor$2 |    00000AFE  A$Actor$2 |    00000B00  A$Actor$2
     00000B02  A$Actor$2 |    00000B02  C$Actor.c |    00000B05  A$Actor$2
     00000B07  A$Actor$2 |    00000B08  A$Actor$2 |    00000B0A  A$Actor$2
     00000B0B  A$Actor$2 |    00000B0C  A$Actor$2 |    00000B0D  A$Actor$2
     00000B0E  A$Actor$2 |    00000B0F  A$Actor$2 |    00000B10  A$Actor$2
     00000B11  A$Actor$2 |    00000B13  A$Actor$3 |    00000B13  C$Actor.c
     00000B14  A$Actor$3 |    00000B15  A$Actor$3 |    00000B15  C$Actor.c
     00000B17  A$Actor$3 |    00000B17  C$Actor.c |    00000B1A  A$Actor$3
     00000B1C  A$Actor$3 |    00000B1D  A$Actor$3 |    00000B1F  A$Actor$3
     00000B20  A$Actor$3 |    00000B21  A$Actor$3 |    00000B22  A$Actor$3
     00000B23  A$Actor$3 |    00000B24  A$Actor$3 |    00000B25  A$Actor$3
     00000B26  A$Actor$3 |    00000B27  A$Actor$3 |    00000B28  A$Actor$3
     00000B29  A$Actor$3 |    00000B2A  A$Actor$3 |    00000B2B  A$Actor$3
     00000B2C  A$Actor$3 |    00000B2F  A$Actor$3 |    00000B30  A$Actor$3
     00000B31  A$Actor$3 |    00000B32  A$Actor$3 |    00000B33  A$Actor$3
     00000B34  A$Actor$3 |    00000B35  A$Actor$3 |    00000B36  A$Actor$3
     00000B37  A$Actor$3 |    00000B3A  A$Actor$3 |    00000B3B  A$Actor$3
     00000B3C  A$Actor$3 |    00000B3D  A$Actor$3 |    00000B3D  C$Actor.c
     00000B3E  A$Actor$3 |    00000B3F  A$Actor$3 |    00000B3F  C$Actor.c
     00000B42  A$Actor$3 |    00000B43  A$Actor$3 |    00000B44  A$Actor$3
     00000B45  A$Actor$3 |    00000B47  A$Actor$3 |    00000B47  C$Actor.c
     00000B49  A$Actor$3 |    00000B4A  A$Actor$3 |    00000B4B  A$Actor$3
     00000B4C  A$Actor$3 |    00000B4D  A$Actor$3 |    00000B4E  A$Actor$3
     00000B51  A$Actor$3 |    00000B53  A$Actor$3 |    00000B53  C$Actor.c
     00000B56  A$Actor$3 |    00000B57  A$Actor$3 |    00000B59  A$Actor$3
     00000B5A  A$Actor$3 |    00000B5B  A$Actor$3 |    00000B5D  A$Actor$3
     00000B5F  A$Actor$3 |    00000B60  A$Actor$3 |    00000B61  A$Actor$3
     00000B62  A$Actor$3 |    00000B63  A$Actor$3 |    00000B64  A$Actor$3
ASxxxx Linker V03.00 + NoICE + sdld,  page 5.
Hexadecimal  [32-Bits]

Area                       Addr        Size        Decimal Bytes (Attributes)
--------------------       ----        ----        ------- ----- ------------
_CODE                  00000200    0000227C =        8828. bytes (REL,CON)

        Value  Global            Value  Global            Value  Global    
        -----  ------            -----  ------            -----  ------    
     00000B65  A$Actor$3 |    00000B67  A$Actor$3 |    00000B67  C$Actor.c
     00000B67  XG$Deacti |    00000B68  A$Actor$4 |    00000B68  C$Actor.c
     00000B68  C$Actor.c |    00000B68  G$ActorAt |    00000B68  _ActorAtT
     00000B6A  A$Actor$4 |    00000B6B  A$Actor$4 |    00000B6C  A$Actor$4
     00000B6F  A$Actor$4 |    00000B70  A$Actor$4 |    00000B70  C$Actor.c
     00000B72  A$Actor$4 |    00000B73  A$Actor$4 |    00000B74  A$Actor$4
     00000B75  A$Actor$4 |    00000B76  A$Actor$4 |    00000B77  A$Actor$4
     00000B78  A$Actor$4 |    00000B79  A$Actor$4 |    00000B7A  A$Actor$4
     00000B7B  A$Actor$4 |    00000B7C  A$Actor$4 |    00000B7D  A$Actor$4
     00000B80  A$Actor$4 |    00000B82  A$Actor$4 |    00000B82  C$Actor.c
     00000B83  A$Actor$4 |    00000B86  A$Actor$4 |    00000B87  A$Actor$4
     00000B87  C$Actor.c |    00000B87  C$Actor.c |    00000B87  XG$ActorA
     00000B88  A$Actor$4 |    00000B88  C$Actor.c |    00000B88  C$Actor.c
     00000B88  G$ActorAt |    00000B88  _ActorAt1 |    00000B8A  A$Actor$4
     00000B8B  A$Actor$4 |    00000B8C  A$Actor$4 |    00000B8F  A$Actor$4
     00000B90  A$Actor$4 |    00000B90  C$Actor.c |    00000B92  A$Actor$4
     00000B93  A$Actor$4 |    00000B94  A$Actor$4 |    00000B95  A$Actor$4
     00000B96  A$Actor$4 |    00000B97  A$Actor$4 |    00000B98  A$Actor$4
     00000B99  A$Actor$4 |    00000B9A  A$Actor$4 |    00000B9B  A$Actor$4
     00000B9C  A$Actor$4 |    00000B9D  A$Actor$4 |    00000BA0  A$Actor$4
     00000BA2  A$Actor$4 |    00000BA2  C$Actor.c |    00000BA3  A$Actor$4
     00000BA6  A$Actor$4 |    00000BA7  A$Actor$4 |    00000BA7  C$Actor.c
     00000BA7  C$Actor.c |    00000BA7  XG$ActorA |    00000BA8  A$Actor$5
     00000BA8  C$Actor.c |    00000BA8  C$Actor.c |    00000BA8  G$ActorAt
     00000BA8  _ActorAt1 |    00000BAA  A$Actor$5 |    00000BAB  A$Actor$5
     00000BAC  A$Actor$5 |    00000BAF  A$Actor$5 |    00000BB0  A$Actor$5
     00000BB0  C$Actor.c |    00000BB2  A$Actor$5 |    00000BB3  A$Actor$5
     00000BB4  A$Actor$5 |    00000BB5  A$Actor$5 |    00000BB6  A$Actor$5
     00000BB7  A$Actor$5 |    00000BB8  A$Actor$5 |    00000BB9  A$Actor$5
     00000BBA  A$Actor$5 |    00000BBB  A$Actor$5 |    00000BBC  A$Actor$5
     00000BBD  A$Actor$5 |    00000BC0  A$Actor$5 |    00000BC2  A$Actor$5
     00000BC2  C$Actor.c |    00000BC3  A$Actor$5 |    00000BC6  A$Actor$5
     00000BC7  A$Actor$5 |    00000BC7  C$Actor.c |    00000BC7  C$Actor.c
     00000BC7  XG$ActorA |    00000BC8  A$Actor$5 |    00000BC8  C$Actor.c
     00000BC8  C$Actor.c |    00000BC8  G$ActorAt |    00000BC8  _ActorAt3
     00000BCA  A$Actor$5 |    00000BCB  A$Actor$5 |    00000BCC  A$Actor$5
     00000BCF  A$Actor$5 |    00000BD0  A$Actor$5 |    00000BD0  C$Actor.c
     00000BD2  A$Actor$5 |    00000BD3  A$Actor$5 |    00000BD4  A$Actor$5
     00000BD5  A$Actor$5 |    00000BD6  A$Actor$5 |    00000BD7  A$Actor$5
     00000BD8  A$Actor$5 |    00000BD9  A$Actor$5 |    00000BDA  A$Actor$5
     00000BDB  A$Actor$5 |    00000BDC  A$Actor$5 |    00000BDD  A$Actor$5
     00000BE0  A$Actor$5 |    00000BE2  A$Actor$5 |    00000BE2  C$Actor.c
     00000BE3  A$Actor$5 |    00000BE6  A$Actor$5 |    00000BE7  A$Actor$5
     00000BE7  C$Actor.c |    00000BE7  C$Actor.c |    00000BE7  XG$ActorA
     00000BE8  A$Actor$6 |    00000BE8  C$Actor.c |    00000BE8  C$Actor.c
     00000BE8  G$ActorOv |    00000BE8  _ActorOve |    00000BEA  A$Actor$6
     00000BEB  A$Actor$6 |    00000BEC  A$Actor$6 |    00000BEF  A$Actor$6
     00000BF0  A$Actor$6 |    00000BF0  C$Actor.c |    00000BF2  A$Actor$6
     00000BF3  A$Actor$6 |    00000BF4  A$Actor$6 |    00000BF5  A$Actor$6
     00000BF8  A$Actor$6 |    00000BF9  A$Actor$6 |    00000BF9  C$Actor.c
     00000BFA  A$Actor$6 |    00000BFD  A$Actor$6 |    00000BFE  A$Actor$6
ASxxxx Linker V03.00 + NoICE + sdld,  page 6.
Hexadecimal  [32-Bits]

Area                       Addr        Size        Decimal Bytes (Attributes)
--------------------       ----        ----        ------- ----- ------------
_CODE                  00000200    0000227C =        8828. bytes (REL,CON)

        Value  Global            Value  Global            Value  Global    
        -----  ------            -----  ------            -----  ------    
     00000BFE  C$Actor.c |    00000BFE  C$Actor.c |    00000BFE  XG$ActorO
     00000BFF  A$Actor$6 |    00000BFF  C$Actor.c |    00000BFF  C$Actor.c
     00000BFF  G$ActorIn |    00000BFF  _ActorInF |    00000C01  A$Actor$6
     00000C02  A$Actor$6 |    00000C03  A$Actor$6 |    00000C06  A$Actor$6
     00000C07  A$Actor$6 |    00000C07  C$Actor.c |    00000C09  A$Actor$6
     00000C0A  A$Actor$6 |    00000C0B  A$Actor$6 |    00000C0C  A$Actor$6
     00000C0F  A$Actor$6 |    00000C10  A$Actor$6 |    00000C10  C$Actor.c
     00000C11  A$Actor$6 |    00000C14  A$Actor$6 |    00000C15  A$Actor$6
     00000C15  C$Actor.c |    00000C15  C$Actor.c |    00000C15  XG$ActorI
     00000C16  A$Actor$6 |    00000C16  C$Actor.c |    00000C16  C$Actor.c
     00000C16  G$CheckCo |    00000C16  _CheckCol |    00000C18  A$Actor$6
     00000C19  A$Actor$6 |    00000C1A  A$Actor$6 |    00000C1D  A$Actor$6
     00000C1E  A$Actor$7 |    00000C1E  C$Actor.c |    00000C20  A$Actor$7
     00000C21  A$Actor$7 |    00000C22  A$Actor$7 |    00000C23  A$Actor$7
     00000C24  A$Actor$7 |    00000C25  A$Actor$7 |    00000C26  A$Actor$7
     00000C27  A$Actor$7 |    00000C28  A$Actor$7 |    00000C29  A$Actor$7
     00000C2A  A$Actor$7 |    00000C2B  A$Actor$7 |    00000C2C  A$Actor$7
     00000C2D  A$Actor$7 |    00000C2E  A$Actor$7 |    00000C2F  A$Actor$7
     00000C32  A$Actor$7 |    00000C34  A$Actor$7 |    00000C34  C$Actor.c
     00000C35  A$Actor$7 |    00000C38  A$Actor$7 |    00000C39  A$Actor$7
     00000C39  C$Actor.c |    00000C39  C$Actor.c |    00000C39  XG$CheckC
     00000C3A  A$Actor$7 |    00000C3A  C$Actor.c |    00000C3A  C$Actor.c
     00000C3A  G$InitPla |    00000C3A  _InitPlay |    00000C3C  A$Actor$7
     00000C3D  A$Actor$7 |    00000C3E  A$Actor$7 |    00000C41  A$Actor$7
     00000C42  A$Actor$7 |    00000C42  C$Actor.c |    00000C45  A$Actor$7
     00000C45  C$Actor.c |    00000C45  C$Actor.c |    00000C45  XG$InitPl
     00000C48  A$Actor$7 |    00000C48  C$Actor.c |    00000C48  C$Actor.c
     00000C48  G$ActorRu |    00000C48  _ActorRun |    00000C4A  A$Actor$7
     00000C4B  A$Actor$7 |    00000C4E  A$Actor$7 |    00000C4F  A$Actor$7
     00000C4F  C$Actor.c |    00000C51  A$Actor$7 |    00000C52  A$Actor$7
     00000C53  A$Actor$7 |    00000C54  A$Actor$7 |    00000C55  A$Actor$7
     00000C56  A$Actor$7 |    00000C57  A$Actor$7 |    00000C58  A$Actor$7
     00000C59  A$Actor$7 |    00000C5A  A$Actor$7 |    00000C5B  A$Actor$7
     00000C5D  A$Actor$7 |    00000C5E  A$Actor$7 |    00000C5F  A$Actor$8
     00000C61  A$Actor$8 |    00000C62  A$Actor$8 |    00000C63  A$Actor$8
     00000C66  A$Actor$8 |    00000C67  A$Actor$8 |    00000C69  A$Actor$8
     00000C69  C$Actor.c |    00000C6C  A$Actor$8 |    00000C6D  A$Actor$8
     00000C6E  A$Actor$8 |    00000C71  A$Actor$8 |    00000C73  A$Actor$8
     00000C73  C$Actor.c |    00000C73  XG$ActorR |    00000C74  A$Actor$8
     00000C74  C$Actor.c |    00000C74  C$Actor.c |    00000C74  G$ActorRu
     00000C74  _ActorRun |    00000C76  A$Actor$8 |    00000C77  A$Actor$8
     00000C78  A$Actor$8 |    00000C7B  A$Actor$8 |    00000C7C  A$Actor$8
     00000C7C  C$Actor.c |    00000C7F  A$Actor$8 |    00000C7F  C$Actor.c
     00000C7F  C$Actor.c |    00000C7F  XG$ActorR |    00000C82  A$BankDat
     00000C82  C$BankDat |    00000C82  C$BankDat |    00000C82  G$SetBank
     00000C82  _SetBanke |    00000C84  A$BankDat |    00000C85  A$BankDat
     00000C86  A$BankDat |    00000C87  A$BankDat |    00000C8A  A$BankDat
     00000C8B  A$BankDat |    00000C8B  C$BankDat |    00000C8E  A$BankDat
     00000C8E  C$BankDat |    00000C90  A$BankDat |    00000C91  A$BankDat
     00000C92  A$BankDat |    00000C93  A$BankDat |    00000C94  A$BankDat
     00000C96  A$BankDat |    00000C97  A$BankDat |    00000C98  A$BankDat
ASxxxx Linker V03.00 + NoICE + sdld,  page 7.
Hexadecimal  [32-Bits]

Area                       Addr        Size        Decimal Bytes (Attributes)
--------------------       ----        ----        ------- ----- ------------
_CODE                  00000200    0000227C =        8828. bytes (REL,CON)

        Value  Global            Value  Global            Value  Global    
        -----  ------            -----  ------            -----  ------    
     00000C99  A$BankDat |    00000C9A  A$BankDat |    00000C9B  A$BankDat
     00000C9C  A$BankDat |    00000C9D  A$BankDat |    00000CA0  A$BankDat
     00000CA2  A$BankDat |    00000CA2  C$BankDat |    00000CA2  C$BankDat
     00000CA2  XG$SetBan |    00000CA5  A$BankDat |    00000CA5  C$BankDat
     00000CA5  C$BankDat |    00000CA5  G$SetBank |    00000CA5  _SetBanke
     00000CA7  A$BankDat |    00000CA8  A$BankDat |    00000CA9  A$BankDat
     00000CAA  A$BankDat |    00000CAD  A$BankDat |    00000CAE  A$BankDat
     00000CAE  C$BankDat |    00000CB0  A$BankDat |    00000CB1  A$BankDat
     00000CB2  A$BankDat |    00000CB3  A$BankDat |    00000CB4  A$BankDat
     00000CB6  A$BankDat |    00000CB7  A$BankDat |    00000CB8  A$BankDat
     00000CB9  A$BankDat |    00000CBA  A$BankDat |    00000CBB  A$BankDat
     00000CBC  A$BankDat |    00000CBD  A$BankDat |    00000CC0  A$BankDat
     00000CC2  A$BankDat |    00000CC2  C$BankDat |    00000CC2  C$BankDat
     00000CC2  XG$SetBan |    00000CC5  A$BankDat |    00000CC5  C$BankDat
     00000CC5  C$BankDat |    00000CC5  G$ReadBan |    00000CC5  _ReadBank
     00000CC7  A$BankDat |    00000CC8  A$BankDat |    00000CC9  A$BankDat
     00000CCA  A$BankDat |    00000CCD  A$BankDat |    00000CCE  A$BankDat
     00000CCE  C$BankDat |    00000CD0  A$BankDat |    00000CD1  A$BankDat
     00000CD2  A$BankDat |    00000CD3  A$BankDat |    00000CD4  A$BankDat
     00000CD5  A$BankDat |    00000CD5  C$BankDat |    00000CD6  A$BankDat
     00000CD9  A$BankDat |    00000CDA  A$BankDat |    00000CDA  C$BankDat
     00000CDA  C$BankDat |    00000CDA  XG$ReadBa |    00000CDB  A$BankDat
     00000CDB  C$BankDat |    00000CDB  G$ReadBan |    00000CDB  _ReadBank
     00000CDD  A$BankDat |    00000CDD  C$BankDat |    00000CDF  A$BankDat
     00000CE0  A$BankDat |    00000CE1  A$BankDat |    00000CE2  A$BankDat
     00000CE5  A$BankDat |    00000CE6  A$BankDat |    00000CE6  C$BankDat
     00000CE8  A$BankDat |    00000CE9  A$BankDat |    00000CEA  A$BankDat
     00000CEB  A$BankDat |    00000CED  A$BankDat |    00000CEE  A$BankDat
     00000CEF  A$BankDat |    00000CF0  A$BankDat |    00000CF2  A$BankDat
     00000CF3  A$BankDat |    00000CF4  A$BankDat |    00000CF5  A$BankDat
     00000CF8  A$BankDat |    00000CFA  A$BankDat |    00000CFD  A$BankDat
     00000CFE  A$BankDat |    00000CFE  C$BankDat |    00000D00  A$BankDat
     00000D01  A$BankDat |    00000D02  A$BankDat |    00000D03  A$BankDat
     00000D06  A$BankDat |    00000D07  A$BankDat |    00000D08  A$BankDat
     00000D09  A$BankDat |    00000D0C  A$BankDat |    00000D0E  A$BankDat
     00000D10  A$BankDat |    00000D10  C$BankDat |    00000D10  XG$ReadBa
     00000D11  A$BankDat |    00000D11  C$BankDat |    00000D11  C$BankDat
     00000D11  G$MemcpyB |    00000D11  _MemcpyBa |    00000D13  A$BankDat
     00000D14  A$BankDat |    00000D15  A$BankDat |    00000D16  A$BankDat
     00000D19  A$BankDat |    00000D1A  A$BankDat |    00000D1A  C$BankDat
     00000D1C  A$BankDat |    00000D1D  A$BankDat |    00000D1E  A$BankDat
     00000D1F  A$BankDat |    00000D20  A$BankDat |    00000D22  A$BankDat
     00000D23  A$BankDat |    00000D24  A$BankDat |    00000D25  A$BankDat
     00000D26  A$BankDat |    00000D28  A$BankDat |    00000D29  A$BankDat
     00000D2A  A$BankDat |    00000D2B  A$BankDat |    00000D2C  A$BankDat
     00000D2F  A$BankDat |    00000D31  A$BankDat |    00000D31  C$BankDat
     00000D31  C$BankDat |    00000D31  XG$Memcpy |    00000D34  A$BankMan
     00000D34  C$BankMan |    00000D34  C$BankMan |    00000D34  G$PushBan
     00000D34  _PushBank |    00000D36  A$BankMan |    00000D37  A$BankMan
     00000D38  A$BankMan |    00000D39  A$BankMan |    00000D3C  A$BankMan
     00000D3D  A$BankMan |    00000D40  A$BankMan |    00000D42  A$BankMan
ASxxxx Linker V03.00 + NoICE + sdld,  page 8.
Hexadecimal  [32-Bits]

Area                       Addr        Size        Decimal Bytes (Attributes)
--------------------       ----        ----        ------- ----- ------------
_CODE                  00000200    0000227C =        8828. bytes (REL,CON)

        Value  Global            Value  Global            Value  Global    
        -----  ------            -----  ------            -----  ------    
     00000D42  C$BankMan |    00000D44  A$BankMan |    00000D45  A$BankMan
     00000D47  A$BankMan |    00000D48  A$BankMan |    00000D4A  A$BankMan
     00000D4D  A$BankMan |    00000D4E  A$BankMan |    00000D51  A$BankMan
     00000D53  A$BankMan |    00000D54  A$BankMan |    00000D55  A$BankMan
     00000D55  C$BankMan |    00000D55  XG$PushBa |    00000D56  A$BankMan
     00000D56  C$BankMan |    00000D56  C$BankMan |    00000D56  G$PopBank
     00000D56  _PopBank  |    00000D59  A$BankMan |    00000D5A  A$BankMan
     00000D5B  A$BankMan |    00000D5C  A$BankMan |    00000D5D  A$BankMan
     00000D60  A$BankMan |    00000D62  A$BankMan |    00000D63  A$BankMan
     00000D63  C$BankMan |    00000D64  A$BankMan |    00000D65  A$BankMan
     00000D67  A$BankMan |    00000D68  A$BankMan |    00000D69  A$BankMan
     00000D6B  A$BankMan |    00000D6D  A$BankMan |    00000D70  A$BankMan
     00000D71  A$BankMan |    00000D72  A$BankMan |    00000D74  A$BankMan
     00000D75  A$BankMan |    00000D76  A$BankMan |    00000D79  A$BankMan
     00000D79  C$BankMan |    00000D79  XG$PopBan |    00000D7A  A$Collisi
     00000D7A  C$Collisi |    00000D7A  C$Collisi |    00000D7A  G$TileAt$
     00000D7A  _TileAt   |    00000D7C  A$Collisi |    00000D7D  A$Collisi
     00000D7E  A$Collisi |    00000D80  A$Collisi |    00000D82  A$Collisi
     00000D83  A$Collisi |    00000D86  A$Collisi |    00000D87  A$Collisi
     00000D89  A$Collisi |    00000D8B  A$Collisi |    00000D8C  A$Collisi
     00000D8F  A$Collisi |    00000D90  A$Collisi |    00000D92  A$Collisi
     00000D94  A$Collisi |    00000D95  A$Collisi |    00000D96  A$Collisi
     00000D98  A$Collisi |    00000D98  C$Collisi |    00000D9A  A$Collisi
     00000D9B  A$Collisi |    00000D9B  C$Collisi |    00000D9E  A$Collisi
     00000D9F  A$Collisi |    00000DA1  A$Collisi |    00000DA3  A$Collisi
     00000DA4  A$Collisi |    00000DA6  A$Collisi |    00000DA7  A$Collisi
     00000DA8  A$Collisi |    00000DAB  A$Collisi |    00000DAD  A$Collisi
     00000DAD  C$Collisi |    00000DAE  A$Collisi |    00000DB1  A$Collisi
     00000DB2  A$Collisi |    00000DB3  A$Collisi |    00000DB6  A$Collisi
     00000DB7  A$Collisi |    00000DB8  A$Collisi |    00000DB8  C$Collisi
     00000DB9  A$Collisi |    00000DBC  A$Collisi |    00000DBD  A$Collisi
     00000DBE  A$Collisi |    00000DBF  A$Collisi |    00000DC0  A$Collisi
     00000DC1  A$Collisi |    00000DC2  A$Collisi |    00000DC4  A$Collisi
     00000DC5  A$Collisi |    00000DC7  A$Collisi |    00000DC8  A$Collisi
     00000DC9  A$Collisi |    00000DCA  A$Collisi |    00000DCB  A$Collisi
     00000DCC  A$Collisi |    00000DCC  C$Collisi |    00000DCD  A$Collisi
     00000DD0  A$Collisi |    00000DD1  A$Collisi |    00000DD1  C$Collisi
     00000DD1  C$Collisi |    00000DD1  XG$TileAt |    00000DD2  A$Collisi
     00000DD2  C$Collisi |    00000DD2  C$Collisi |    00000DD2  G$TileAt2
     00000DD2  _TileAt2x |    00000DD4  A$Collisi |    00000DD5  A$Collisi
     00000DD6  A$Collisi |    00000DD8  A$Collisi |    00000DDA  A$Collisi
     00000DDB  A$Collisi |    00000DDE  A$Collisi |    00000DDF  A$Collisi
     00000DE1  A$Collisi |    00000DE3  A$Collisi |    00000DE4  A$Collisi
     00000DE7  A$Collisi |    00000DE8  A$Collisi |    00000DEA  A$Collisi
     00000DEC  A$Collisi |    00000DED  A$Collisi |    00000DEE  A$Collisi
     00000DF0  A$Collisi |    00000DF0  C$Collisi |    00000DF2  A$Collisi
     00000DF3  A$Collisi |    00000DF3  C$Collisi |    00000DF6  A$Collisi
     00000DF7  A$Collisi |    00000DF9  A$Collisi |    00000DFB  A$Collisi
     00000DFC  A$Collisi |    00000DFE  A$Collisi |    00000DFF  A$Collisi
     00000E00  A$Collisi |    00000E03  A$Collisi |    00000E05  A$Collisi
     00000E07  A$Collisi |    00000E08  A$Collisi |    00000E0A  A$Collisi
ASxxxx Linker V03.00 + NoICE + sdld,  page 9.
Hexadecimal  [32-Bits]

Area                       Addr        Size        Decimal Bytes (Attributes)
--------------------       ----        ----        ------- ----- ------------
_CODE                  00000200    0000227C =        8828. bytes (REL,CON)

        Value  Global            Value  Global            Value  Global    
        -----  ------            -----  ------            -----  ------    
     00000E0B  A$Collisi |    00000E0C  A$Collisi |    00000E0D  A$Collisi
     00000E0E  A$Collisi |    00000E0F  A$Collisi |    00000E10  A$Collisi
     00000E11  A$Collisi |    00000E14  A$Collisi |    00000E15  A$Collisi
     00000E16  A$Collisi |    00000E17  A$Collisi |    00000E18  A$Collisi
     00000E19  A$Collisi |    00000E1A  A$Collisi |    00000E1A  C$Collisi
     00000E1B  A$Collisi |    00000E1E  A$Collisi |    00000E1F  A$Collisi
     00000E20  A$Collisi |    00000E23  A$Collisi |    00000E24  A$Collisi
     00000E25  A$Collisi |    00000E25  C$Collisi |    00000E26  A$Collisi
     00000E27  A$Collisi |    00000E28  A$Collisi |    00000E29  A$Collisi
     00000E2A  A$Collisi |    00000E2B  A$Collisi |    00000E2B  C$Collisi
     00000E2C  A$Collisi |    00000E2F  A$Collisi |    00000E30  A$Collisi
     00000E30  C$Collisi |    00000E30  C$Collisi |    00000E30  XG$TileAt
     00000E31  A$Collisi |    00000E31  C$Collisi |    00000E31  C$Collisi
     00000E31  G$TileAt2 |    00000E31  _TileAt2x |    00000E33  A$Collisi
     00000E34  A$Collisi |    00000E35  A$Collisi |    00000E37  A$Collisi
     00000E39  A$Collisi |    00000E3A  A$Collisi |    00000E3D  A$Collisi
     00000E3E  A$Collisi |    00000E40  A$Collisi |    00000E42  A$Collisi
     00000E43  A$Collisi |    00000E46  A$Collisi |    00000E47  A$Collisi
     00000E49  A$Collisi |    00000E4B  A$Collisi |    00000E4C  A$Collisi
     00000E4D  A$Collisi |    00000E4F  A$Collisi |    00000E4F  C$Collisi
     00000E51  A$Collisi |    00000E52  A$Collisi |    00000E52  C$Collisi
     00000E55  A$Collisi |    00000E56  A$Collisi |    00000E58  A$Collisi
     00000E5A  A$Collisi |    00000E5B  A$Collisi |    00000E5D  A$Collisi
     00000E5E  A$Collisi |    00000E5F  A$Collisi |    00000E62  A$Collisi
     00000E64  A$Collisi |    00000E66  A$Collisi |    00000E67  A$Collisi
     00000E69  A$Collisi |    00000E6A  A$Collisi |    00000E6B  A$Collisi
     00000E6C  A$Collisi |    00000E6D  A$Collisi |    00000E6E  A$Collisi
     00000E6F  A$Collisi |    00000E70  A$Collisi |    00000E73  A$Collisi
     00000E74  A$Collisi |    00000E75  A$Collisi |    00000E76  A$Collisi
     00000E77  A$Collisi |    00000E78  A$Collisi |    00000E79  A$Collisi
     00000E79  C$Collisi |    00000E7A  A$Collisi |    00000E7D  A$Collisi
     00000E7E  A$Collisi |    00000E7F  A$Collisi |    00000E82  A$Collisi
     00000E83  A$Collisi |    00000E84  A$Collisi |    00000E84  C$Collisi
     00000E85  A$Collisi |    00000E85  C$Collisi |    00000E86  A$Collisi
     00000E87  A$Collisi |    00000E89  A$Collisi |    00000E89  C$Collisi
     00000E8A  A$Collisi |    00000E8B  A$Collisi |    00000E8C  A$Collisi
     00000E8D  A$Collisi |    00000E8D  C$Collisi |    00000E8E  A$Collisi
     00000E8F  A$Collisi |    00000E91  A$Collisi |    00000E91  C$Collisi
     00000E94  A$Collisi |    00000E95  A$Collisi |    00000E97  A$Collisi
     00000E98  A$Collisi |    00000E99  A$Collisi |    00000E9A  A$Collisi
     00000E9A  C$Collisi |    00000E9B  A$Collisi |    00000E9B  C$Collisi
     00000E9C  A$Collisi |    00000E9D  A$Collisi |    00000E9F  A$Collisi
     00000E9F  C$Collisi |    00000EA0  A$Collisi |    00000EA1  A$Collisi
     00000EA1  C$Collisi |    00000EA2  A$Collisi |    00000EA5  A$Collisi
     00000EA6  A$Collisi |    00000EA6  C$Collisi |    00000EA6  C$Collisi
     00000EA6  XG$TileAt |    00000EA7  A$Core_Ma |    00000EA7  C$Core_Ma
     00000EA7  C$Core_Ma |    00000EA7  G$tile_sp |    00000EA7  _tile_spr
     00000EAA  A$Core_Ma |    00000EAB  A$Core_Ma |    00000EAB  C$gb.h$61
     00000EAE  A$Core_Ma |    00000EAF  A$Core_Ma |    00000EAF  C$Core_Ma
     00000EB2  A$Core_Ma |    00000EB3  A$Core_Ma |    00000EB3  C$gb.h$61
     00000EB6  A$Core_Ma |    00000EB7  A$Core_Ma |    00000EB7  C$Core_Ma
ASxxxx Linker V03.00 + NoICE + sdld,  page 10.
Hexadecimal  [32-Bits]

Area                       Addr        Size        Decimal Bytes (Attributes)
--------------------       ----        ----        ------- ----- ------------
_CODE                  00000200    0000227C =        8828. bytes (REL,CON)

        Value  Global            Value  Global            Value  Global    
        -----  ------            -----  ------            -----  ------    
     00000EB7  C$Core_Ma |    00000EB7  XG$tile_s |    00000EB8  G$earth_d
     00000EB8  _earth_da |    00001078  G$earth_t |    00001078  _earth_ti
     00001086  A$Core_Ma |    00001086  C$Core_Ma |    00001086  C$gb.h$65
     00001086  G$place_s |    00001086  _place_sp |    00001089  A$Core_Ma
     00001089  C$gb.h$65 |    0000108B  A$Core_Ma |    0000108C  A$Core_Ma
     0000108E  A$Core_Ma |    0000108E  C$gb.h$65 |    00001091  A$Core_Ma
     00001091  C$gb.h$65 |    00001093  A$Core_Ma |    00001094  A$Core_Ma
     00001096  A$Core_Ma |    00001096  C$Core_Ma |    00001096  C$Core_Ma
     00001096  XG$place_ |    00001097  A$Core_Ma |    00001097  C$Core_Ma
     00001097  C$Core_Ma |    00001097  G$SetScen |    00001097  _SetScene
     0000109A  A$Core_Ma |    0000109C  A$Core_Ma |    0000109C  C$Core_Ma
     0000109E  A$Core_Ma |    0000109F  A$Core_Ma |    000010A0  A$Core_Ma
     000010A3  A$Core_Ma |    000010A4  A$Core_Ma |    000010A5  A$Core_Ma
     000010A5  C$Core_Ma |    000010A5  XG$SetSce |    000010A6  A$Core_Ma
     000010A6  C$Core_Ma |    000010A6  C$Core_Ma |    000010A6  G$core_st
     000010A6  _core_sta |    000010A9  A$Core_Ma |    000010A9  C$Core_Ma
     000010AC  A$Core_Ma |    000010AC  C$Core_Ma |    000010AE  A$Core_Ma
     000010B0  A$Core_Ma |    000010B0  C$Core_Ma |    000010B2  A$Core_Ma
     000010B4  A$Core_Ma |    000010B6  A$Core_Ma |    000010B8  A$Core_Ma
     000010BA  A$Core_Ma |    000010BC  A$Core_Ma |    000010BC  C$Core_Ma
     000010BF  A$Core_Ma |    000010C0  A$Core_Ma |    000010C2  A$Core_Ma
     000010C3  A$Core_Ma |    000010C4  A$Core_Ma |    000010C5  A$Core_Ma
     000010C6  A$Core_Ma |    000010C7  A$Core_Ma |    000010CA  A$Core_Ma
     000010CC  A$Core_Ma |    000010CC  C$gb.h$63 |    000010CF  A$Core_Ma
     000010D1  A$Core_Ma |    000010D4  A$Core_Ma |    000010D6  A$Core_Ma
     000010D6  C$Core_Ma |    000010D9  A$Core_Ma |    000010D9  C$Core_Ma
     000010DC  A$Core_Ma |    000010DC  C$Core_Ma |    000010DE  A$Core_Ma
     000010E0  A$Core_Ma |    000010E2  A$Core_Ma |    000010E2  C$Core_Ma
     000010E5  A$Core_Ma |    000010E5  C$Core_Ma |    000010E8  A$Core_Ma
     000010E9  A$Core_Ma |    000010EB  A$Core_Ma |    000010EB  C$Core_Ma
     000010EE  A$Core_Ma |    000010EF  A$Core_Ma |    000010F1  A$Core_Ma
     000010F1  C$Core_Ma |    000010F4  A$Core_Ma |    000010F4  C$Core_Ma
     000010F7  A$Core_Ma |    000010F8  A$Core_Ma |    000010FA  A$Core_Ma
     000010FD  A$Core_Ma |    000010FF  A$Core_Ma |    00001102  A$Core_Ma
     00001105  A$Core_Ma |    00001106  A$Core_Ma |    00001106  C$Core_Ma
     00001109  A$Core_Ma |    0000110B  A$Core_Ma |    0000110B  C$Core_Ma
     0000110E  A$Core_Ma |    00001111  A$Core_Ma |    00001111  C$Core_Ma
     00001114  A$Core_Ma |    00001117  A$Core_Ma |    00001118  A$Core_Ma
     00001118  C$Core_Ma |    00001119  A$Core_Ma |    0000111B  A$Core_Ma
     0000111C  A$Core_Ma |    0000111E  A$Core_Ma |    00001121  A$Core_Ma
     00001122  A$Core_Ma |    00001124  A$Core_Ma |    00001125  A$Core_Ma
     00001127  A$Core_Ma |    00001128  A$Core_Ma |    00001129  A$Core_Ma
     0000112B  A$Core_Ma |    0000112C  A$Core_Ma |    0000112D  A$Core_Ma
     0000112F  A$Core_Ma |    0000112F  C$Core_Ma |    00001130  A$Core_Ma
     00001131  A$Core_Ma |    00001134  A$Core_Ma |    00001135  A$Core_Ma
     00001138  A$Core_Ma |    00001138  C$Core_Ma |    0000113B  A$Core_Ma
     0000113D  A$Core_Ma |    0000113F  A$Core_Ma |    00001140  A$Core_Ma
     00001140  C$gb.h$65 |    00001143  A$Core_Ma |    00001143  C$gb.h$65
     00001145  A$Core_Ma |    00001146  A$Core_Ma |    00001147  A$Core_Ma
     00001147  C$Core_Ma |    0000114A  A$Core_Ma |    0000114C  A$Core_Ma
     0000114E  A$Core_Ma |    00001150  A$Core_Ma |    00001151  A$Core_Ma
ASxxxx Linker V03.00 + NoICE + sdld,  page 11.
Hexadecimal  [32-Bits]

Area                       Addr        Size        Decimal Bytes (Attributes)
--------------------       ----        ----        ------- ----- ------------
_CODE                  00000200    0000227C =        8828. bytes (REL,CON)

        Value  Global            Value  Global            Value  Global    
        -----  ------            -----  ------            -----  ------    
     00001151  C$gb.h$65 |    00001154  A$Core_Ma |    00001154  C$gb.h$65
     00001156  A$Core_Ma |    00001157  A$Core_Ma |    00001158  A$Core_Ma
     00001158  C$Core_Ma |    0000115A  A$Core_Ma |    0000115A  C$Core_Ma
     0000115D  A$Core_Ma |    0000115F  A$Core_Ma |    0000115F  C$Core_Ma
     0000115F  XG$core_s |    00001161  A$DataMan |    00001161  C$DataMan
     00001161  C$DataMan |    00001161  G$LoadTil |    00001161  _LoadTile
     00001163  A$DataMan |    00001164  A$DataMan |    00001165  A$DataMan
     00001168  A$DataMan |    00001169  A$DataMan |    00001169  C$DataMan
     0000116B  A$DataMan |    0000116C  A$DataMan |    0000116D  A$DataMan
     0000116E  A$DataMan |    0000116F  A$DataMan |    00001170  A$DataMan
     00001171  A$DataMan |    00001172  A$DataMan |    00001175  A$DataMan
     00001176  A$DataMan |    00001176  C$DataMan |    00001177  A$DataMan
     00001178  A$DataMan |    00001179  A$DataMan |    0000117A  A$DataMan
     0000117B  A$DataMan |    0000117C  A$DataMan |    0000117E  A$DataMan
     0000117F  A$DataMan |    0000117F  C$DataMan |    00001180  A$DataMan
     00001181  A$DataMan |    00001184  A$DataMan |    00001185  A$DataMan
     00001186  A$DataMan |    00001186  C$DataMan |    00001187  A$DataMan
     00001188  A$DataMan |    00001189  A$DataMan |    0000118C  A$DataMan
     0000118D  A$DataMan |    0000118E  A$DataMan |    0000118E  C$DataMan
     0000118F  A$DataMan |    00001190  A$DataMan |    00001190  C$DataMan
     00001191  A$DataMan |    00001192  A$DataMan |    00001193  A$DataMan
     00001194  A$DataMan |    00001195  A$DataMan |    00001196  A$DataMan
     00001199  A$DataMan |    0000119B  A$DataMan |    0000119B  C$DataMan
     0000119B  C$DataMan |    0000119B  XG$LoadTi |    0000119E  A$DataMan
     0000119E  C$DataMan |    0000119E  C$DataMan |    0000119E  G$LoadIma
     0000119E  _LoadImag |    000011A0  A$DataMan |    000011A1  A$DataMan
     000011A2  A$DataMan |    000011A5  A$DataMan |    000011A6  A$DataMan
     000011A6  C$DataMan |    000011A8  A$DataMan |    000011A9  A$DataMan
     000011AA  A$DataMan |    000011AB  A$DataMan |    000011AC  A$DataMan
     000011AD  A$DataMan |    000011AE  A$DataMan |    000011AF  A$DataMan
     000011B2  A$DataMan |    000011B3  A$DataMan |    000011B4  A$DataMan
     000011B5  A$DataMan |    000011B6  A$DataMan |    000011B9  A$DataMan
     000011B9  C$DataMan |    000011BA  A$DataMan |    000011BB  A$DataMan
     000011BC  A$DataMan |    000011BD  A$DataMan |    000011BE  A$DataMan
     000011BF  A$DataMan |    000011C1  A$DataMan |    000011C2  A$DataMan
     000011C2  C$DataMan |    000011C3  A$DataMan |    000011C6  A$DataMan
     000011C9  A$DataMan |    000011CA  A$DataMan |    000011CB  A$DataMan
     000011CE  A$DataMan |    000011CF  A$DataMan |    000011D0  A$DataMan
     000011D0  C$DataMan |    000011D1  A$DataMan |    000011D2  A$DataMan
     000011D3  A$DataMan |    000011D5  A$DataMan |    000011D6  A$DataMan
     000011D7  A$DataMan |    000011DA  A$DataMan |    000011DC  A$DataMan
     000011DD  A$DataMan |    000011DD  C$DataMan |    000011DE  A$DataMan
     000011E1  A$DataMan |    000011E2  A$DataMan |    000011E2  C$DataMan
     000011E3  A$DataMan |    000011E6  A$DataMan |    000011E7  A$DataMan
     000011EA  A$DataMan |    000011EB  A$DataMan |    000011EC  A$DataMan
     000011ED  A$DataMan |    000011ED  C$DataMan |    000011F0  A$DataMan
     000011F1  A$DataMan |    000011F3  A$DataMan |    000011F5  A$DataMan
     000011F7  A$DataMan |    000011F9  A$DataMan |    000011FB  A$DataMan
     000011FD  A$DataMan |    000011FF  A$DataMan |    00001202  A$DataMan
     00001203  A$DataMan |    00001204  A$DataMan |    00001204  C$DataMan
     00001205  A$DataMan |    00001206  A$DataMan |    00001207  A$DataMan
ASxxxx Linker V03.00 + NoICE + sdld,  page 12.
Hexadecimal  [32-Bits]

Area                       Addr        Size        Decimal Bytes (Attributes)
--------------------       ----        ----        ------- ----- ------------
_CODE                  00000200    0000227C =        8828. bytes (REL,CON)

        Value  Global            Value  Global            Value  Global    
        -----  ------            -----  ------            -----  ------    
     00001209  A$DataMan |    0000120C  A$DataMan |    0000120F  A$DataMan
     00001211  A$DataMan |    00001214  A$DataMan |    00001214  C$DataMan
     00001217  A$DataMan |    00001218  A$DataMan |    0000121A  A$DataMan
     0000121C  A$DataMan |    0000121E  A$DataMan |    00001220  A$DataMan
     00001222  A$DataMan |    00001224  A$DataMan |    00001226  A$DataMan
     00001229  A$DataMan |    0000122A  A$DataMan |    0000122B  A$DataMan
     0000122B  C$DataMan |    0000122C  A$DataMan |    0000122D  A$DataMan
     0000122E  A$DataMan |    00001230  A$DataMan |    00001233  A$DataMan
     00001236  A$DataMan |    00001238  A$DataMan |    0000123B  A$DataMan
     0000123B  C$DataMan |    0000123B  C$DataMan |    0000123B  XG$LoadIm
     0000123E  A$DataMan |    0000123E  C$DataMan |    0000123E  C$DataMan
     0000123E  G$LoadIma |    0000123E  _LoadImag |    00001240  A$DataMan
     00001241  A$DataMan |    00001242  A$DataMan |    00001245  A$DataMan
     00001246  A$DataMan |    00001246  C$DataMan |    00001248  A$DataMan
     00001249  A$DataMan |    0000124A  A$DataMan |    0000124B  A$DataMan
     0000124C  A$DataMan |    0000124D  A$DataMan |    0000124E  A$DataMan
     0000124F  A$DataMan |    00001252  A$DataMan |    00001253  A$DataMan
     00001254  A$DataMan |    00001255  A$DataMan |    00001256  A$DataMan
     00001259  A$DataMan |    00001259  C$DataMan |    0000125A  A$DataMan
     0000125B  A$DataMan |    0000125C  A$DataMan |    0000125D  A$DataMan
     0000125E  A$DataMan |    0000125F  A$DataMan |    00001262  A$DataMan
     00001263  A$DataMan |    00001264  A$DataMan |    00001266  A$DataMan
     00001267  A$DataMan |    00001268  A$DataMan |    00001268  C$DataMan
     00001268  C$DataMan |    00001268  XG$LoadIm |    0000126B  A$DataMan
     0000126B  C$DataMan |    0000126B  C$DataMan |    0000126B  G$LoadPal
     0000126B  _LoadPale |    0000126D  A$DataMan |    0000126E  A$DataMan
     0000126F  A$DataMan |    00001272  A$DataMan |    00001273  A$DataMan
     00001273  C$DataMan |    00001275  A$DataMan |    00001276  A$DataMan
     00001277  A$DataMan |    00001278  A$DataMan |    00001279  A$DataMan
     0000127A  A$DataMan |    0000127B  A$DataMan |    0000127C  A$DataMan
     0000127F  A$DataMan |    00001280  A$DataMan |    00001280  C$DataMan
     00001281  A$DataMan |    00001282  A$DataMan |    00001283  A$DataMan
     00001284  A$DataMan |    00001285  A$DataMan |    00001286  A$DataMan
     00001288  A$DataMan |    00001289  A$DataMan |    00001289  C$DataMan
     0000128A  A$DataMan |    0000128B  A$DataMan |    0000128E  A$DataMan
     0000128F  A$DataMan |    00001290  A$DataMan |    00001290  C$DataMan
     00001291  A$DataMan |    00001292  A$DataMan |    00001293  A$DataMan
     00001296  A$DataMan |    00001297  A$DataMan |    00001298  A$DataMan
     00001298  C$DataMan |    0000129B  A$DataMan |    0000129C  A$DataMan
     0000129D  A$DataMan |    000012A0  A$DataMan |    000012A1  A$DataMan
     000012A4  A$DataMan |    000012A6  A$DataMan |    000012A6  C$DataMan
     000012A6  C$DataMan |    000012A6  XG$LoadPa |    000012A9  A$DataMan
     000012A9  C$DataMan |    000012A9  C$DataMan |    000012A9  G$LoadUIP
     000012A9  _LoadUIPa |    000012AB  A$DataMan |    000012AC  A$DataMan
     000012AD  A$DataMan |    000012B0  A$DataMan |    000012B1  A$DataMan
     000012B1  C$DataMan |    000012B3  A$DataMan |    000012B4  A$DataMan
     000012B5  A$DataMan |    000012B6  A$DataMan |    000012B7  A$DataMan
     000012B8  A$DataMan |    000012B9  A$DataMan |    000012BA  A$DataMan
     000012BD  A$DataMan |    000012BE  A$DataMan |    000012BE  C$DataMan
     000012BF  A$DataMan |    000012C0  A$DataMan |    000012C1  A$DataMan
     000012C2  A$DataMan |    000012C3  A$DataMan |    000012C4  A$DataMan
ASxxxx Linker V03.00 + NoICE + sdld,  page 13.
Hexadecimal  [32-Bits]

Area                       Addr        Size        Decimal Bytes (Attributes)
--------------------       ----        ----        ------- ----- ------------
_CODE                  00000200    0000227C =        8828. bytes (REL,CON)

        Value  Global            Value  Global            Value  Global    
        -----  ------            -----  ------            -----  ------    
     000012C6  A$DataMan |    000012C7  A$DataMan |    000012C7  C$DataMan
     000012C8  A$DataMan |    000012C9  A$DataMan |    000012CC  A$DataMan
     000012CD  A$DataMan |    000012CE  A$DataMan |    000012CE  C$DataMan
     000012CF  A$DataMan |    000012D0  A$DataMan |    000012D1  A$DataMan
     000012D4  A$DataMan |    000012D5  A$DataMan |    000012D6  A$DataMan
     000012D6  C$DataMan |    000012D9  A$DataMan |    000012DA  A$DataMan
     000012DB  A$DataMan |    000012DE  A$DataMan |    000012DF  A$DataMan
     000012E2  A$DataMan |    000012E4  A$DataMan |    000012E4  C$DataMan
     000012E4  C$DataMan |    000012E4  XG$LoadUI |    000012E7  A$DataMan
     000012E7  C$DataMan |    000012E7  C$DataMan |    000012E7  G$LoadSpr
     000012E7  _LoadSpri |    000012E9  A$DataMan |    000012EA  A$DataMan
     000012EB  A$DataMan |    000012EE  A$DataMan |    000012EF  A$DataMan
     000012EF  C$DataMan |    000012F1  A$DataMan |    000012F2  A$DataMan
     000012F3  A$DataMan |    000012F4  A$DataMan |    000012F5  A$DataMan
     000012F6  A$DataMan |    000012F7  A$DataMan |    000012F8  A$DataMan
     000012FB  A$DataMan |    000012FC  A$DataMan |    000012FC  C$DataMan
     000012FD  A$DataMan |    000012FE  A$DataMan |    000012FF  A$DataMan
     00001300  A$DataMan |    00001301  A$DataMan |    00001302  A$DataMan
     00001304  A$DataMan |    00001305  A$DataMan |    00001305  C$DataMan
     00001306  A$DataMan |    00001307  A$DataMan |    0000130A  A$DataMan
     0000130B  A$DataMan |    0000130C  A$DataMan |    0000130C  C$DataMan
     0000130D  A$DataMan |    0000130E  A$DataMan |    0000130F  A$DataMan
     00001312  A$DataMan |    00001313  A$DataMan |    00001314  A$DataMan
     00001314  C$DataMan |    00001317  A$DataMan |    00001318  A$DataMan
     00001319  A$DataMan |    0000131C  A$DataMan |    0000131D  A$DataMan
     00001320  A$DataMan |    00001322  A$DataMan |    00001322  C$DataMan
     00001322  C$DataMan |    00001322  XG$LoadSp |    00001325  A$DataMan
     00001325  C$DataMan |    00001325  C$DataMan |    00001325  G$LoadPla
     00001325  _LoadPlay |    00001327  A$DataMan |    00001328  A$DataMan
     00001329  A$DataMan |    0000132C  A$DataMan |    0000132D  A$DataMan
     0000132D  C$DataMan |    0000132F  A$DataMan |    00001330  A$DataMan
     00001331  A$DataMan |    00001332  A$DataMan |    00001333  A$DataMan
     00001334  A$DataMan |    00001335  A$DataMan |    00001336  A$DataMan
     00001339  A$DataMan |    0000133A  A$DataMan |    0000133A  C$DataMan
     0000133B  A$DataMan |    0000133C  A$DataMan |    0000133D  A$DataMan
     0000133E  A$DataMan |    0000133F  A$DataMan |    00001340  A$DataMan
     00001342  A$DataMan |    00001343  A$DataMan |    00001343  C$DataMan
     00001344  A$DataMan |    00001345  A$DataMan |    00001348  A$DataMan
     00001349  A$DataMan |    0000134A  A$DataMan |    0000134A  C$DataMan
     0000134B  A$DataMan |    0000134C  A$DataMan |    0000134D  A$DataMan
     00001350  A$DataMan |    00001351  A$DataMan |    00001352  A$DataMan
     00001352  C$DataMan |    00001355  A$DataMan |    00001356  A$DataMan
     00001357  A$DataMan |    0000135A  A$DataMan |    0000135B  A$DataMan
     0000135E  A$DataMan |    00001360  A$DataMan |    00001360  C$DataMan
     00001360  C$DataMan |    00001360  XG$LoadPl |    00001363  A$DataMan
     00001363  C$DataMan |    00001363  C$DataMan |    00001363  G$LoadSpr
     00001363  _LoadSpri |    00001365  A$DataMan |    00001366  A$DataMan
     00001367  A$DataMan |    0000136A  A$DataMan |    0000136B  A$DataMan
     0000136B  C$DataMan |    0000136D  A$DataMan |    0000136E  A$DataMan
     0000136F  A$DataMan |    00001370  A$DataMan |    00001371  A$DataMan
     00001372  A$DataMan |    00001373  A$DataMan |    00001374  A$DataMan
ASxxxx Linker V03.00 + NoICE + sdld,  page 14.
Hexadecimal  [32-Bits]

Area                       Addr        Size        Decimal Bytes (Attributes)
--------------------       ----        ----        ------- ----- ------------
_CODE                  00000200    0000227C =        8828. bytes (REL,CON)

        Value  Global            Value  Global            Value  Global    
        -----  ------            -----  ------            -----  ------    
     00001377  A$DataMan |    00001378  A$DataMan |    00001378  C$DataMan
     00001379  A$DataMan |    0000137A  A$DataMan |    0000137B  A$DataMan
     0000137C  A$DataMan |    0000137D  A$DataMan |    0000137E  A$DataMan
     00001380  A$DataMan |    00001381  A$DataMan |    00001381  C$DataMan
     00001382  A$DataMan |    00001383  A$DataMan |    00001386  A$DataMan
     00001387  A$DataMan |    00001388  A$DataMan |    00001388  C$DataMan
     00001389  A$DataMan |    0000138A  A$DataMan |    0000138B  A$DataMan
     0000138E  A$DataMan |    0000138F  A$DataMan |    00001390  A$DataMan
     00001390  C$DataMan |    00001391  A$DataMan |    00001392  A$DataMan
     00001393  A$DataMan |    00001393  C$DataMan |    00001394  A$DataMan
     00001395  A$DataMan |    00001396  A$DataMan |    00001397  A$DataMan
     00001397  C$DataMan |    00001399  A$DataMan |    0000139A  A$DataMan
     0000139B  A$DataMan |    0000139D  A$DataMan |    0000139F  A$DataMan
     000013A0  A$DataMan |    000013A2  A$DataMan |    000013A2  C$DataMan
     000013A4  A$DataMan |    000013A6  A$DataMan |    000013A6  C$DataMan
     000013A7  A$DataMan |    000013A7  C$DataMan |    000013A8  A$DataMan
     000013A9  A$DataMan |    000013AA  A$DataMan |    000013AC  A$DataMan
     000013AD  A$DataMan |    000013AE  A$DataMan |    000013AF  A$DataMan
     000013B2  A$DataMan |    000013B4  A$DataMan |    000013B4  C$DataMan
     000013B5  A$DataMan |    000013B8  A$DataMan |    000013B9  A$DataMan
     000013B9  C$DataMan |    000013BA  A$DataMan |    000013BA  C$DataMan
     000013BA  XG$LoadSp |    000013BB  A$DataMan |    000013BB  C$DataMan
     000013BB  C$DataMan |    000013BB  G$LoadSce |    000013BB  _LoadScen
     000013BD  A$DataMan |    000013BE  A$DataMan |    000013BF  A$DataMan
     000013C2  A$DataMan |    000013C3  A$DataMan |    000013C3  C$DataMan
     000013C6  A$DataMan |    000013C7  A$DataMan |    000013CA  A$DataMan
     000013CB  A$DataMan |    000013CE  A$DataMan |    000013D0  A$DataMan
     000013D0  C$gb.h$63 |    000013D3  A$DataMan |    000013D5  A$DataMan
     000013D8  A$DataMan |    000013DA  A$DataMan |    000013DA  C$DataMan
     000013DD  A$DataMan |    000013DE  A$DataMan |    000013DE  C$gb.h$61
     000013E1  A$DataMan |    000013E2  A$DataMan |    000013E2  C$DataMan
     000013E5  A$DataMan |    000013E6  A$DataMan |    000013E6  C$gb.h$61
     000013E9  A$DataMan |    000013EA  A$DataMan |    000013EA  C$gb.h$65
     000013ED  A$DataMan |    000013ED  C$gb.h$65 |    000013EF  A$DataMan
     000013F0  A$DataMan |    000013F2  A$DataMan |    000013F2  C$gb.h$65
     000013F5  A$DataMan |    000013F5  C$gb.h$65 |    000013F7  A$DataMan
     000013F8  A$DataMan |    000013FA  A$DataMan |    000013FA  C$DataMan
     000013FA  C$DataMan |    000013FA  XG$LoadSc |    000013FD  A$FadeMan
     000013FD  C$FadeMan |    000013FD  C$FadeMan |    000013FD  G$FadeIni
     000013FD  _FadeInit |    00001400  A$FadeMan |    00001403  A$FadeMan
     00001403  C$FadeMan |    00001403  XG$FadeIn |    00001404  G$fade_sp
     00001404  _fade_spe |    0000140B  A$FadeMan |    0000140B  C$FadeMan
     0000140B  C$FadeMan |    0000140B  G$FadeIn$ |    0000140B  _FadeIn  
     0000140D  A$FadeMan |    0000140E  A$FadeMan |    0000140F  A$FadeMan
     00001412  A$FadeMan |    00001413  A$FadeMan |    00001413  C$FadeMan
     00001416  A$FadeMan |    00001416  C$FadeMan |    00001416  C$FadeMan
     00001416  XG$FadeIn |    00001419  A$FadeMan |    00001419  C$FadeMan
     00001419  C$FadeMan |    00001419  G$FadeOut |    00001419  _FadeOut 
     0000141B  A$FadeMan |    0000141C  A$FadeMan |    0000141D  A$FadeMan
     00001420  A$FadeMan |    00001421  A$FadeMan |    00001421  C$FadeMan
     00001424  A$FadeMan |    00001424  C$FadeMan |    00001424  C$FadeMan
ASxxxx Linker V03.00 + NoICE + sdld,  page 15.
Hexadecimal  [32-Bits]

Area                       Addr        Size        Decimal Bytes (Attributes)
--------------------       ----        ----        ------- ----- ------------
_CODE                  00000200    0000227C =        8828. bytes (REL,CON)

        Value  Global            Value  Global            Value  Global    
        -----  ------            -----  ------            -----  ------    
     00001424  XG$FadeOu |    00001427  A$FadeMan |    00001427  C$FadeMan
     00001427  C$FadeMan |    00001427  G$FadeUpd |    00001427  _FadeUpda
     00001429  A$FadeMan |    0000142A  A$FadeMan |    0000142B  A$FadeMan
     0000142E  A$FadeMan |    0000142F  A$FadeMan |    0000142F  C$FadeMan
     00001432  A$FadeMan |    00001432  C$FadeMan |    00001432  C$FadeMan
     00001432  XG$FadeUp |    00001435  A$FadeMan |    00001435  C$FadeMan
     00001435  C$FadeMan |    00001435  G$ApplyPa |    00001435  _ApplyPal
     00001437  A$FadeMan |    00001438  A$FadeMan |    00001439  A$FadeMan
     0000143C  A$FadeMan |    0000143D  A$FadeMan |    0000143D  C$FadeMan
     00001440  A$FadeMan |    00001440  C$FadeMan |    00001440  C$FadeMan
     00001440  XG$ApplyP |    00001443  A$FadeMan |    00001443  C$FadeMan
     00001443  C$FadeMan |    00001443  G$FadeSet |    00001443  _FadeSetS
     00001446  A$FadeMan |    00001448  A$FadeMan |    00001449  A$FadeMan
     0000144B  A$FadeMan |    0000144C  A$FadeMan |    0000144D  A$FadeMan
     0000144E  A$FadeMan |    0000144F  A$FadeMan |    00001452  A$FadeMan
     00001452  C$FadeMan |    00001452  XG$FadeSe |    00001453  A$FadeMan
     00001453  C$FadeMan |    00001453  C$FadeMan |    00001453  G$IsFadin
     00001453  _IsFading |    00001456  A$FadeMan |    00001457  A$FadeMan
     00001457  C$FadeMan |    00001457  XG$IsFadi |    00001458  A$Input$8
     00001458  C$Input.c |    00001458  G$HandleI |    00001458  _HandleIn
     00001459  A$Input$8 |    00001459  C$Input.c |    0000145C  A$Input$8
     0000145D  A$Input$8 |    0000145E  A$Input$9 |    00001460  A$Input$9
     00001460  C$Input.c |    00001461  A$Input$9 |    00001461  C$Input.c
     00001463  A$Input$1 |    00001463  C$Input.c |    00001466  A$Input$1
     00001467  A$Input$1 |    00001469  A$Input$1 |    0000146C  A$Input$1
     0000146D  A$Input$1 |    0000146E  A$Input$1 |    00001470  A$Input$1
     00001471  A$Input$1 |    00001474  A$Input$1 |    00001475  A$Input$1
     00001477  A$Input$1 |    00001477  C$Input.c |    0000147A  A$Input$1
     0000147C  A$Input$1 |    0000147D  A$Input$1 |    0000147E  A$Input$1
     0000147E  C$Input.c |    00001480  A$Input$1 |    00001480  C$Input.c
     00001482  A$Input$1 |    00001484  A$Input$1 |    00001484  C$Input.c
     00001485  A$Input$1 |    00001487  A$Input$1 |    00001488  A$Input$1
     00001489  A$Input$1 |    0000148A  A$Input$1 |    0000148B  A$Input$1
     0000148D  A$Input$1 |    0000148E  A$Input$1 |    0000148F  A$Input$1
     00001491  A$Input$1 |    00001492  A$Input$1 |    00001493  A$Input$1
     00001494  A$Input$1 |    00001495  A$Input$1 |    00001497  A$Input$1
     00001497  C$Input.c |    00001499  A$Input$1 |    0000149A  A$Input$1
     0000149D  A$Input$1 |    0000149D  C$Input.c |    000014A0  A$Input$1
     000014A2  A$Input$1 |    000014A2  C$Input.c |    000014A4  A$Input$1
     000014A5  A$Input$1 |    000014A6  A$Input$1 |    000014A7  A$Input$1
     000014AA  A$Input$1 |    000014AC  A$Input$1 |    000014AC  C$Input.c
     000014AE  A$Input$1 |    000014AE  C$Input.c |    000014B0  A$Input$1
     000014B0  C$Input.c |    000014B1  A$Input$1 |    000014B2  A$Input$1
     000014B4  A$Input$1 |    000014B6  A$Input$1 |    000014B7  A$Input$1
     000014B7  C$Input.c |    000014B7  XG$Handle |    000014B8  A$Input$2
     000014B8  C$Input.c |    000014B8  C$Input.c |    000014B8  G$RemoveI
     000014B8  _RemoveIn |    000014BA  A$Input$2 |    000014BA  C$Input.c
     000014BB  A$Input$2 |    000014BC  A$Input$2 |    000014BF  A$Input$2
     000014C0  A$Input$2 |    000014C1  A$Input$2 |    000014C3  A$Input$2
     000014C5  A$Input$2 |    000014C7  A$Input$2 |    000014C8  A$Input$2
     000014CA  A$Input$2 |    000014CD  A$Input$2 |    000014CE  A$Input$2
ASxxxx Linker V03.00 + NoICE + sdld,  page 16.
Hexadecimal  [32-Bits]

Area                       Addr        Size        Decimal Bytes (Attributes)
--------------------       ----        ----        ------- ----- ------------
_CODE                  00000200    0000227C =        8828. bytes (REL,CON)

        Value  Global            Value  Global            Value  Global    
        -----  ------            -----  ------            -----  ------    
     000014CF  A$Input$2 |    000014D0  A$Input$2 |    000014D1  A$Input$2
     000014D2  A$Input$2 |    000014D3  A$Input$2 |    000014D4  A$Input$2
     000014D5  A$Input$2 |    000014D5  C$Input.c |    000014D6  A$Input$2
     000014D8  A$Input$2 |    000014D9  A$Input$2 |    000014DA  A$Input$2
     000014DB  A$Input$2 |    000014DC  A$Input$2 |    000014DD  A$Input$2
     000014E0  A$Input$2 |    000014E1  A$Input$2 |    000014E3  A$Input$2
     000014E3  C$Input.c |    000014E4  A$Input$2 |    000014E5  A$Input$2
     000014E7  A$Input$2 |    000014E9  A$Input$2 |    000014E9  C$Input.c
     000014E9  XG$Remove |    000014EA  A$Math$55 |    000014EA  C$Math.c$
     000014EA  C$Math.c$ |    000014EA  G$DespRig |    000014EA  _DespRigh
     000014EC  A$Math$56 |    000014ED  A$Math$57 |    000014EE  A$Math$58
     000014EF  A$Math$59 |    000014F0  A$Math$60 |    000014F1  A$Math$61
     000014F2  A$Math$62 |    000014F3  A$Math$63 |    000014F4  A$Math$64
     000014F5  A$Math$65 |    000014F7  A$Math$67 |    000014F9  A$Math$68
     000014FB  A$Math$70 |    000014FC  A$Math$71 |    000014FE  A$Math$79
     000014FE  C$Math.c$ |    000014FE  XG$DespRi |    000014FF  A$Math$89
     000014FF  C$Math.c$ |    000014FF  G$Lt16$0$ |    000014FF  _Lt16    
     00001500  A$Math$93 |    00001500  C$Math.c$ |    00001502  A$Math$97
     00001502  C$Math.c$ |    00001503  A$Math$98 |    00001504  A$Math$99
     00001505  A$Math$10 |    00001506  A$Math$10 |    00001506  C$Math.c$
     00001508  A$Math$10 |    00001509  A$Math$10 |    0000150B  A$Math$10
     0000150C  A$Math$11 |    0000150C  C$Math.c$ |    0000150E  A$Math$11
     0000150F  A$Math$11 |    0000150F  C$Math.c$ |    00001510  A$Math$11
     00001511  A$Math$11 |    00001513  A$Math$11 |    00001514  A$Math$12
     00001516  A$Math$12 |    00001518  A$Math$12 |    00001519  A$Math$12
     0000151A  A$Math$12 |    0000151C  A$Math$12 |    0000151E  A$Math$12
     00001520  A$Math$12 |    00001522  A$Math$13 |    00001523  A$Math$13
     00001523  C$Math.c$ |    00001523  XG$Lt16$0 |    00001524  A$Math$14
     00001524  C$Math.c$ |    00001524  G$Gt16$0$ |    00001524  _Gt16    
     00001525  A$Math$15 |    00001525  C$Math.c$ |    00001527  A$Math$15
     00001527  C$Math.c$ |    00001528  A$Math$15 |    00001529  A$Math$15
     0000152A  A$Math$16 |    0000152B  A$Math$16 |    0000152B  C$Math.c$
     0000152D  A$Math$16 |    0000152E  A$Math$16 |    00001530  A$Math$16
     00001531  A$Math$17 |    00001531  C$Math.c$ |    00001533  A$Math$17
     00001534  A$Math$17 |    00001534  C$Math.c$ |    00001535  A$Math$17
     00001536  A$Math$17 |    00001538  A$Math$17 |    00001539  A$Math$18
     0000153A  A$Math$18 |    0000153C  A$Math$18 |    0000153D  A$Math$18
     0000153F  A$Math$18 |    00001540  A$Math$18 |    00001542  A$Math$18
     00001544  A$Math$18 |    00001546  A$Math$19 |    00001548  A$Math$19
     00001549  A$Math$20 |    00001549  C$Math.c$ |    00001549  XG$Gt16$0
     0000154A  A$Math$21 |    0000154A  C$Math.c$ |    0000154A  C$Math.c$
     0000154A  G$SeedRan |    0000154A  _SeedRand |    0000154D  A$Math$21
     0000154E  A$Math$21 |    0000154E  C$Math.c$ |    00001550  A$Math$21
     00001551  A$Math$22 |    00001554  A$Math$22 |    00001556  A$Math$22
     00001556  C$Math.c$ |    00001556  XG$SeedRa |    00001557  A$MusicMa
     00001557  C$MusicMa |    00001557  C$MusicMa |    00001557  G$MusicPl
     00001557  _MusicPla |    00001559  A$MusicMa |    0000155A  A$MusicMa
     0000155D  A$MusicMa |    0000155E  A$MusicMa |    0000155F  A$MusicMa
     0000155F  C$MusicMa |    00001561  A$MusicMa |    00001562  A$MusicMa
     00001565  A$MusicMa |    00001566  A$MusicMa |    00001566  C$MusicMa
     00001569  A$MusicMa |    0000156A  A$MusicMa |    0000156C  A$MusicMa
ASxxxx Linker V03.00 + NoICE + sdld,  page 17.
Hexadecimal  [32-Bits]

Area                       Addr        Size        Decimal Bytes (Attributes)
--------------------       ----        ----        ------- ----- ------------
_CODE                  00000200    0000227C =        8828. bytes (REL,CON)

        Value  Global            Value  Global            Value  Global    
        -----  ------            -----  ------            -----  ------    
     0000156D  A$MusicMa |    0000156E  A$MusicMa |    0000156F  A$MusicMa
     00001571  A$MusicMa |    00001572  A$MusicMa |    00001573  A$MusicMa
     00001576  A$MusicMa |    00001578  A$MusicMa |    00001579  A$MusicMa
     0000157A  A$MusicMa |    0000157B  A$MusicMa |    0000157B  C$MusicMa
     0000157C  A$MusicMa |    0000157E  A$MusicMa |    0000157F  A$MusicMa
     00001580  A$MusicMa |    00001581  A$MusicMa |    00001584  A$MusicMa
     00001585  A$MusicMa |    00001587  A$MusicMa |    00001588  A$MusicMa
     00001589  A$MusicMa |    0000158C  A$MusicMa |    0000158D  A$MusicMa
     0000158E  A$MusicMa |    0000158E  C$MusicMa |    00001591  A$MusicMa
     00001592  A$MusicMa |    00001594  A$MusicMa |    00001595  A$MusicMa
     00001596  A$MusicMa |    00001597  A$MusicMa |    00001598  A$MusicMa
     00001599  A$MusicMa |    0000159B  A$MusicMa |    0000159C  A$MusicMa
     0000159D  A$MusicMa |    0000159E  A$MusicMa |    0000159F  A$MusicMa
     000015A0  A$MusicMa |    000015A1  A$MusicMa |    000015A4  A$MusicMa
     000015A6  A$MusicMa |    000015A6  C$MusicMa |    000015A8  A$MusicMa
     000015A9  A$MusicMa |    000015AA  A$MusicMa |    000015AB  A$MusicMa
     000015AE  A$MusicMa |    000015AF  A$MusicMa |    000015AF  C$MusicMa
     000015B2  A$MusicMa |    000015B2  C$MusicMa |    000015B2  C$MusicMa
     000015B2  XG$MusicP |    000015B5  A$MusicMa |    000015B5  C$MusicMa
     000015B5  C$MusicMa |    000015B5  G$MusicSt |    000015B5  _MusicSto
     000015B7  A$MusicMa |    000015B8  A$MusicMa |    000015B9  A$MusicMa
     000015BA  A$MusicMa |    000015BD  A$MusicMa |    000015BE  A$MusicMa
     000015BE  C$MusicMa |    000015C1  A$MusicMa |    000015C1  C$MusicMa
     000015C4  A$MusicMa |    000015C6  A$MusicMa |    000015C6  C$MusicMa
     000015C6  C$MusicMa |    000015C6  XG$MusicS |    000015C9  A$MusicMa
     000015C9  C$MusicMa |    000015C9  C$MusicMa |    000015C9  G$MusicUp
     000015C9  _MusicUpd |    000015CC  A$MusicMa |    000015CC  C$MusicMa
     000015CF  A$MusicMa |    000015D0  A$MusicMa |    000015D1  A$MusicMa
     000015D3  A$MusicMa |    000015D4  A$MusicMa |    000015D5  A$MusicMa
     000015D7  A$MusicMa |    000015D9  A$MusicMa |    000015DC  A$MusicMa
     000015DD  A$MusicMa |    000015DE  A$MusicMa |    000015E0  A$MusicMa
     000015E1  A$MusicMa |    000015E2  A$MusicMa |    000015E5  A$MusicMa
     000015E5  C$MusicMa |    000015E8  A$MusicMa |    000015E9  A$MusicMa
     000015EA  A$MusicMa |    000015EB  A$MusicMa |    000015EB  C$MusicMa
     000015EB  C$MusicMa |    000015EC  A$MusicMa |    000015ED  A$MusicMa
     000015EE  A$MusicMa |    000015EE  C$MusicMa |    000015EE  C$MusicMa
     000015EE  XG$MusicU |    000015F1  A$MusicMa |    000015F1  C$MusicMa
     000015F1  C$MusicMa |    000015F1  G$SoundPl |    000015F1  _SoundPla
     000015F3  A$MusicMa |    000015F4  A$MusicMa |    000015F7  A$MusicMa
     000015F7  C$MusicMa |    000015F9  A$MusicMa |    000015FB  A$MusicMa
     000015FB  C$MusicMa |    000015FD  A$MusicMa |    000015FF  A$MusicMa
     000015FF  C$MusicMa |    00001601  A$MusicMa |    00001603  A$MusicMa
     00001603  C$MusicMa |    00001605  A$MusicMa |    00001607  A$MusicMa
     00001607  C$MusicMa |    00001609  A$MusicMa |    0000160A  A$MusicMa
     0000160C  A$MusicMa |    0000160C  C$MusicMa |    0000160D  A$MusicMa
     0000160E  A$MusicMa |    00001610  A$MusicMa |    00001612  A$MusicMa
     00001614  A$MusicMa |    00001614  C$MusicMa |    00001616  A$MusicMa
     00001618  A$MusicMa |    00001618  C$MusicMa |    0000161A  A$MusicMa
     0000161C  A$MusicMa |    0000161E  A$MusicMa |    0000161E  C$MusicMa
     0000161E  XG$SoundP |    0000161F  A$MusicMa |    0000161F  C$MusicMa
     0000161F  C$MusicMa |    0000161F  G$SoundSt |    0000161F  _SoundSto
ASxxxx Linker V03.00 + NoICE + sdld,  page 18.
Hexadecimal  [32-Bits]

Area                       Addr        Size        Decimal Bytes (Attributes)
--------------------       ----        ----        ------- ----- ------------
_CODE                  00000200    0000227C =        8828. bytes (REL,CON)

        Value  Global            Value  Global            Value  Global    
        -----  ------            -----  ------            -----  ------    
     00001621  A$MusicMa |    00001623  A$MusicMa |    00001623  C$MusicMa
     00001623  XG$SoundS |    00001624  A$MusicMa |    00001624  C$MusicMa
     00001624  C$MusicMa |    00001624  G$SoundPl |    00001624  _SoundPla
     00001626  A$MusicMa |    00001628  A$MusicMa |    00001628  C$MusicMa
     0000162A  A$MusicMa |    0000162C  A$MusicMa |    0000162C  C$MusicMa
     0000162E  A$MusicMa |    00001630  A$MusicMa |    00001630  C$MusicMa
     00001632  A$MusicMa |    00001633  A$MusicMa |    00001635  A$MusicMa
     00001637  A$MusicMa |    00001637  C$MusicMa |    00001639  A$MusicMa
     0000163B  A$MusicMa |    0000163B  C$MusicMa |    0000163D  A$MusicMa
     0000163F  A$MusicMa |    0000163F  C$MusicMa |    00001641  A$MusicMa
     00001643  A$MusicMa |    00001645  A$MusicMa |    00001645  C$MusicMa
     00001645  XG$SoundP |    00001646  A$MusicMa |    00001646  C$MusicMa
     00001646  C$MusicMa |    00001646  G$SoundPl |    00001646  _SoundPla
     00001648  A$MusicMa |    0000164A  A$MusicMa |    0000164A  C$MusicMa
     0000164C  A$MusicMa |    0000164E  A$MusicMa |    0000164E  C$MusicMa
     00001650  A$MusicMa |    00001652  A$MusicMa |    00001652  C$MusicMa
     00001654  A$MusicMa |    00001656  A$MusicMa |    00001656  C$MusicMa
     00001658  A$MusicMa |    0000165A  A$MusicMa |    0000165A  C$MusicMa
     0000165C  A$MusicMa |    0000165E  A$MusicMa |    0000165E  C$MusicMa
     00001660  A$MusicMa |    00001662  A$MusicMa |    00001664  A$MusicMa
     00001664  C$MusicMa |    00001664  XG$SoundP |    00001665  A$Project
     00001665  C$Project |    00001665  C$Project |    00001665  G$Project
     00001665  _Projecti |    00001667  A$Project |    00001668  A$Project
     00001669  A$Project |    0000166C  A$Project |    0000166D  A$Project
     0000166D  C$Project |    00001670  A$Project |    00001670  C$Project
     00001670  C$Project |    00001670  XG$Projec |    00001673  A$Project
     00001673  C$Project |    00001673  C$Project |    00001673  G$WeaponA
     00001673  _WeaponAt |    00001675  A$Project |    00001676  A$Project
     00001677  A$Project |    0000167A  A$Project |    0000167B  A$Project
     0000167B  C$Project |    0000167D  A$Project |    0000167E  A$Project
     0000167F  A$Project |    00001680  A$Project |    00001681  A$Project
     00001682  A$Project |    00001683  A$Project |    00001684  A$Project
     00001685  A$Project |    00001686  A$Project |    00001687  A$Project
     00001688  A$Project |    00001689  A$Project |    0000168A  A$Project
     0000168B  A$Project |    0000168C  A$Project |    0000168D  A$Project
     0000168E  A$Project |    0000168F  A$Project |    00001690  A$Project
     00001693  A$Project |    00001695  A$Project |    00001695  C$Project
     00001695  C$Project |    00001695  XG$Weapon |    00001698  A$Project
     00001698  C$Project |    00001698  C$Project |    00001698  G$Project
     00001698  _Projecti |    0000169A  A$Project |    0000169B  A$Project
     0000169C  A$Project |    0000169F  A$Project |    000016A0  A$Project
     000016A0  C$Project |    000016A2  A$Project |    000016A3  A$Project
     000016A4  A$Project |    000016A5  A$Project |    000016A6  A$Project
     000016A7  A$Project |    000016A8  A$Project |    000016A9  A$Project
     000016AA  A$Project |    000016AB  A$Project |    000016AC  A$Project
     000016AD  A$Project |    000016AE  A$Project |    000016AF  A$Project
     000016B0  A$Project |    000016B1  A$Project |    000016B2  A$Project
     000016B3  A$Project |    000016B4  A$Project |    000016B5  A$Project
     000016B6  A$Project |    000016B7  A$Project |    000016B8  A$Project
     000016B9  A$Project |    000016BA  A$Project |    000016BB  A$Project
     000016BC  A$Project |    000016BD  A$Project |    000016BE  A$Project
ASxxxx Linker V03.00 + NoICE + sdld,  page 19.
Hexadecimal  [32-Bits]

Area                       Addr        Size        Decimal Bytes (Attributes)
--------------------       ----        ----        ------- ----- ------------
_CODE                  00000200    0000227C =        8828. bytes (REL,CON)

        Value  Global            Value  Global            Value  Global    
        -----  ------            -----  ------            -----  ------    
     000016BF  A$Project |    000016C0  A$Project |    000016C1  A$Project
     000016C2  A$Project |    000016C3  A$Project |    000016C5  A$Project
     000016C6  A$Project |    000016C7  A$Project |    000016C8  A$Project
     000016C9  A$Project |    000016CB  A$Project |    000016CC  A$Project
     000016CD  A$Project |    000016CE  A$Project |    000016CF  A$Project
     000016D0  A$Project |    000016D1  A$Project |    000016D2  A$Project
     000016D5  A$Project |    000016D7  A$Project |    000016D7  C$Project
     000016D7  C$Project |    000016D7  XG$Projec |    000016DA  A$Project
     000016DA  C$Project |    000016DA  C$Project |    000016DA  G$UpdateP
     000016DA  _UpdatePr |    000016DC  A$Project |    000016DD  A$Project
     000016DE  A$Project |    000016E1  A$Project |    000016E2  A$Project
     000016E2  C$Project |    000016E5  A$Project |    000016E5  C$Project
     000016E5  C$Project |    000016E5  XG$Update |    000016E8  A$ScriptR
     000016E8  C$ScriptR |    000016E8  C$ScriptR |    000016E8  C$ScriptR
     000016E8  G$ScriptR |    000016E8  XG$Script |    000016E8  _ScriptRu
     000016EB  A$ScriptR |    000016EB  C$ScriptR |    000016EB  C$ScriptR
     000016EB  G$ScriptS |    000016EB  _ScriptSt |    000016EE  A$ScriptR
     000016EE  C$ScriptR |    000016F1  A$ScriptR |    000016F3  A$ScriptR
     000016F3  C$ScriptR |    000016F6  A$ScriptR |    000016F8  A$ScriptR
     000016F8  C$ScriptR |    000016FB  A$ScriptR |    000016FD  A$ScriptR
     000016FD  C$ScriptR |    00001700  A$ScriptR |    00001702  A$ScriptR
     00001703  A$ScriptR |    00001704  A$ScriptR |    00001705  A$ScriptR
     00001706  A$ScriptR |    00001707  A$ScriptR |    00001707  C$ScriptR
     00001708  A$ScriptR |    00001709  A$ScriptR |    0000170A  A$ScriptR
     0000170B  A$ScriptR |    0000170C  A$ScriptR |    0000170D  A$ScriptR
     0000170F  A$ScriptR |    00001710  A$ScriptR |    00001713  A$ScriptR
     00001714  A$ScriptR |    00001715  A$ScriptR |    00001716  A$ScriptR
     00001716  C$ScriptR |    00001719  A$ScriptR |    0000171A  A$ScriptR
     0000171B  A$ScriptR |    0000171C  A$ScriptR |    0000171C  C$ScriptR
     0000171F  A$ScriptR |    00001720  A$ScriptR |    00001721  A$ScriptR
     00001722  A$ScriptR |    00001722  C$ScriptR |    00001722  XG$Script
     00001723  A$ScriptR |    00001723  C$ScriptR |    00001723  G$ScriptS
     00001723  _ScriptSt |    00001725  A$ScriptR |    00001725  C$ScriptR
     00001728  A$ScriptR |    00001728  C$ScriptR |    0000172B  A$ScriptR
     0000172C  A$ScriptR |    0000172E  A$ScriptR |    0000172E  C$ScriptR
     00001730  A$ScriptR |    00001731  A$ScriptR |    00001731  C$ScriptR
     00001732  A$ScriptR |    00001733  A$ScriptR |    00001736  A$ScriptR
     00001736  C$ScriptR |    00001739  A$ScriptR |    0000173B  A$ScriptR
     0000173B  C$ScriptR |    0000173E  A$ScriptR |    00001740  A$ScriptR
     00001740  C$ScriptR |    00001741  A$ScriptR |    00001742  A$ScriptR
     00001743  A$ScriptR |    00001744  A$ScriptR |    00001745  A$ScriptR
     00001746  A$ScriptR |    00001747  A$ScriptR |    0000174A  A$ScriptR
     0000174B  A$ScriptR |    0000174C  A$ScriptR |    0000174D  A$ScriptR
     0000174F  A$ScriptR |    00001750  A$ScriptR |    00001751  A$ScriptR
     00001752  A$ScriptR |    00001753  A$ScriptR |    00001754  A$ScriptR
     00001755  A$ScriptR |    00001758  A$ScriptR |    00001759  A$ScriptR
     0000175A  A$ScriptR |    0000175B  A$ScriptR |    0000175D  A$ScriptR
     0000175E  A$ScriptR |    0000175F  A$ScriptR |    00001760  A$ScriptR
     00001761  A$ScriptR |    00001762  A$ScriptR |    00001763  A$ScriptR
     00001765  A$ScriptR |    00001765  C$ScriptR |    00001767  A$ScriptR
     00001768  A$ScriptR |    00001769  A$ScriptR |    0000176A  A$ScriptR
ASxxxx Linker V03.00 + NoICE + sdld,  page 20.
Hexadecimal  [32-Bits]

Area                       Addr        Size        Decimal Bytes (Attributes)
--------------------       ----        ----        ------- ----- ------------
_CODE                  00000200    0000227C =        8828. bytes (REL,CON)

        Value  Global            Value  Global            Value  Global    
        -----  ------            -----  ------            -----  ------    
     0000176D  A$ScriptR |    0000176E  A$ScriptR |    0000176F  A$ScriptR
     00001770  A$ScriptR |    00001772  A$ScriptR |    00001773  A$ScriptR
     00001774  A$ScriptR |    00001775  A$ScriptR |    00001776  A$ScriptR
     00001777  A$ScriptR |    00001777  C$ScriptR |    00001779  A$ScriptR
     0000177A  A$ScriptR |    0000177B  A$ScriptR |    0000177C  A$ScriptR
     0000177F  A$ScriptR |    00001780  A$ScriptR |    00001781  A$ScriptR
     00001782  A$ScriptR |    00001784  A$ScriptR |    00001785  A$ScriptR
     00001786  A$ScriptR |    00001786  C$ScriptR |    00001787  A$ScriptR
     00001788  A$ScriptR |    00001789  A$ScriptR |    0000178A  A$ScriptR
     0000178B  A$ScriptR |    0000178C  A$ScriptR |    0000178E  A$ScriptR
     0000178F  A$ScriptR |    00001791  A$ScriptR |    00001792  A$ScriptR
     00001793  A$ScriptR |    00001794  A$ScriptR |    00001795  A$ScriptR
     00001796  A$ScriptR |    00001797  A$ScriptR |    00001797  C$ScriptR
[...]
_SFR18                 00000000    00000001 =           1. bytes (ABS,CON)

        Value  Global            Value  Global            Value  Global    
        -----  ------            -----  ------            -----  ------    
     0000FF22  _NR43_REG
ASxxxx Linker V03.00 + NoICE + sdld,  page 237.
Hexadecimal  [32-Bits]

Area                       Addr        Size        Decimal Bytes (Attributes)
--------------------       ----        ----        ------- ----- ------------
_SFR19                 00000000    00000001 =           1. bytes (ABS,CON)

        Value  Global            Value  Global            Value  Global    
        -----  ------            -----  ------            -----  ------    
     0000FF23  _NR44_REG
ASxxxx Linker V03.00 + NoICE + sdld,  page 238.
Hexadecimal  [32-Bits]

Area                       Addr        Size        Decimal Bytes (Attributes)
--------------------       ----        ----        ------- ----- ------------
_SFR1a                 00000000    00000001 =           1. bytes (ABS,CON)

        Value  Global            Value  Global            Value  Global    
        -----  ------            -----  ------            -----  ------    
     0000FF24  _NR50_REG
ASxxxx Linker V03.00 + NoICE + sdld,  page 239.
Hexadecimal  [32-Bits]

Area                       Addr        Size        Decimal Bytes (Attributes)
--------------------       ----        ----        ------- ----- ------------
_SFR1b                 00000000    00000001 =           1. bytes (ABS,CON)

        Value  Global            Value  Global            Value  Global    
        -----  ------            -----  ------            -----  ------    
     0000FF25  _NR51_REG
ASxxxx Linker V03.00 + NoICE + sdld,  page 240.
Hexadecimal  [32-Bits]

Area                       Addr        Size        Decimal Bytes (Attributes)
--------------------       ----        ----        ------- ----- ------------
_SFR1c                 00000000    00000001 =           1. bytes (ABS,CON)

        Value  Global            Value  Global            Value  Global    
        -----  ------            -----  ------            -----  ------    
     0000FF26  _NR52_REG
ASxxxx Linker V03.00 + NoICE + sdld,  page 241.
Hexadecimal  [32-Bits]

Area                       Addr        Size        Decimal Bytes (Attributes)
--------------------       ----        ----        ------- ----- ------------
_SFR1d                 00000000    00000001 =           1. bytes (ABS,CON)

        Value  Global            Value  Global            Value  Global    
        -----  ------            -----  ------            -----  ------    
     0000FF40  _LCDC_REG
ASxxxx Linker V03.00 + NoICE + sdld,  page 242.
Hexadecimal  [32-Bits]

Area                       Addr        Size        Decimal Bytes (Attributes)
--------------------       ----        ----        ------- ----- ------------
_SFR1e                 00000000    00000001 =           1. bytes (ABS,CON)

        Value  Global            Value  Global            Value  Global    
        -----  ------            -----  ------            -----  ------    
     0000FF41  _STAT_REG
ASxxxx Linker V03.00 + NoICE + sdld,  page 243.
Hexadecimal  [32-Bits]

Area                       Addr        Size        Decimal Bytes (Attributes)
--------------------       ----        ----        ------- ----- ------------
_SFR1f                 00000000    00000001 =           1. bytes (ABS,CON)

        Value  Global            Value  Global            Value  Global    
        -----  ------            -----  ------            -----  ------    
     0000FF42  _SCY_REG 
ASxxxx Linker V03.00 + NoICE + sdld,  page 244.
Hexadecimal  [32-Bits]

Area                       Addr        Size        Decimal Bytes (Attributes)
--------------------       ----        ----        ------- ----- ------------
_SFR20                 00000000    00000001 =           1. bytes (ABS,CON)

        Value  Global            Value  Global            Value  Global    
        -----  ------            -----  ------            -----  ------    
     0000FF43  _SCX_REG 
ASxxxx Linker V03.00 + NoICE + sdld,  page 245.
Hexadecimal  [32-Bits]

Area                       Addr        Size        Decimal Bytes (Attributes)
--------------------       ----        ----        ------- ----- ------------
_SFR21                 00000000    00000001 =           1. bytes (ABS,CON)

        Value  Global            Value  Global            Value  Global    
        -----  ------            -----  ------            -----  ------    
     0000FF44  _LY_REG  
ASxxxx Linker V03.00 + NoICE + sdld,  page 246.
Hexadecimal  [32-Bits]

Area                       Addr        Size        Decimal Bytes (Attributes)
--------------------       ----        ----        ------- ----- ------------
_SFR22                 00000000    00000001 =           1. bytes (ABS,CON)

        Value  Global            Value  Global            Value  Global    
        -----  ------            -----  ------            -----  ------    
     0000FF45  _LYC_REG 
ASxxxx Linker V03.00 + NoICE + sdld,  page 247.
Hexadecimal  [32-Bits]

Area                       Addr        Size        Decimal Bytes (Attributes)
--------------------       ----        ----        ------- ----- ------------
_SFR23                 00000000    00000001 =           1. bytes (ABS,CON)

        Value  Global            Value  Global            Value  Global    
        -----  ------            -----  ------            -----  ------    
     0000FF46  _DMA_REG 
ASxxxx Linker V03.00 + NoICE + sdld,  page 248.
Hexadecimal  [32-Bits]

Area                       Addr        Size        Decimal Bytes (Attributes)
--------------------       ----        ----        ------- ----- ------------
_SFR24                 00000000    00000001 =           1. bytes (ABS,CON)

        Value  Global            Value  Global            Value  Global    
        -----  ------            -----  ------            -----  ------    
     0000FF47  _BGP_REG 
ASxxxx Linker V03.00 + NoICE + sdld,  page 249.
Hexadecimal  [32-Bits]

Area                       Addr        Size        Decimal Bytes (Attributes)
--------------------       ----        ----        ------- ----- ------------
_SFR25                 00000000    00000001 =           1. bytes (ABS,CON)

        Value  Global            Value  Global            Value  Global    
        -----  ------            -----  ------            -----  ------    
     0000FF48  _OBP0_REG
ASxxxx Linker V03.00 + NoICE + sdld,  page 250.
Hexadecimal  [32-Bits]

Area                       Addr        Size        Decimal Bytes (Attributes)
--------------------       ----        ----        ------- ----- ------------
_SFR26                 00000000    00000001 =           1. bytes (ABS,CON)

        Value  Global            Value  Global            Value  Global    
        -----  ------            -----  ------            -----  ------    
     0000FF49  _OBP1_REG
ASxxxx Linker V03.00 + NoICE + sdld,  page 251.
Hexadecimal  [32-Bits]

Area                       Addr        Size        Decimal Bytes (Attributes)
--------------------       ----        ----        ------- ----- ------------
_SFR27                 00000000    00000001 =           1. bytes (ABS,CON)

        Value  Global            Value  Global            Value  Global    
        -----  ------            -----  ------            -----  ------    
     0000FF4A  _WY_REG  
ASxxxx Linker V03.00 + NoICE + sdld,  page 252.
Hexadecimal  [32-Bits]

Area                       Addr        Size        Decimal Bytes (Attributes)
--------------------       ----        ----        ------- ----- ------------
_SFR28                 00000000    00000001 =           1. bytes (ABS,CON)

        Value  Global            Value  Global            Value  Global    
        -----  ------            -----  ------            -----  ------    
     0000FF4B  _WX_REG  
ASxxxx Linker V03.00 + NoICE + sdld,  page 253.
Hexadecimal  [32-Bits]

Area                       Addr        Size        Decimal Bytes (Attributes)
--------------------       ----        ----        ------- ----- ------------
_SFR29                 00000000    00000001 =           1. bytes (ABS,CON)

        Value  Global            Value  Global            Value  Global    
        -----  ------            -----  ------            -----  ------    
     0000FF4D  _KEY1_REG
ASxxxx Linker V03.00 + NoICE + sdld,  page 254.
Hexadecimal  [32-Bits]

Area                       Addr        Size        Decimal Bytes (Attributes)
--------------------       ----        ----        ------- ----- ------------
_SFR2a                 00000000    00000001 =           1. bytes (ABS,CON)

        Value  Global            Value  Global            Value  Global    
        -----  ------            -----  ------            -----  ------    
     0000FF4F  _VBK_REG 
ASxxxx Linker V03.00 + NoICE + sdld,  page 255.
Hexadecimal  [32-Bits]

Area                       Addr        Size        Decimal Bytes (Attributes)
--------------------       ----        ----        ------- ----- ------------
_SFR2b                 00000000    00000001 =           1. bytes (ABS,CON)

        Value  Global            Value  Global            Value  Global    
        -----  ------            -----  ------            -----  ------    
     0000FF51  _HDMA1_RE
ASxxxx Linker V03.00 + NoICE + sdld,  page 256.
Hexadecimal  [32-Bits]

Area                       Addr        Size        Decimal Bytes (Attributes)
--------------------       ----        ----        ------- ----- ------------
_SFR2c                 00000000    00000001 =           1. bytes (ABS,CON)

        Value  Global            Value  Global            Value  Global    
        -----  ------            -----  ------            -----  ------    
     0000FF52  _HDMA2_RE
ASxxxx Linker V03.00 + NoICE + sdld,  page 257.
Hexadecimal  [32-Bits]

Area                       Addr        Size        Decimal Bytes (Attributes)
--------------------       ----        ----        ------- ----- ------------
_SFR2d                 00000000    00000001 =           1. bytes (ABS,CON)

        Value  Global            Value  Global            Value  Global    
        -----  ------            -----  ------            -----  ------    
     0000FF53  _HDMA3_RE
ASxxxx Linker V03.00 + NoICE + sdld,  page 258.
Hexadecimal  [32-Bits]

Area                       Addr        Size        Decimal Bytes (Attributes)
--------------------       ----        ----        ------- ----- ------------
_SFR2e                 00000000    00000001 =           1. bytes (ABS,CON)

        Value  Global            Value  Global            Value  Global    
        -----  ------            -----  ------            -----  ------    
     0000FF54  _HDMA4_RE
ASxxxx Linker V03.00 + NoICE + sdld,  page 259.
Hexadecimal  [32-Bits]

Area                       Addr        Size        Decimal Bytes (Attributes)
--------------------       ----        ----        ------- ----- ------------
_SFR2f                 00000000    00000001 =           1. bytes (ABS,CON)

        Value  Global            Value  Global            Value  Global    
        -----  ------            -----  ------            -----  ------    
     0000FF55  _HDMA5_RE
ASxxxx Linker V03.00 + NoICE + sdld,  page 260.
Hexadecimal  [32-Bits]

Area                       Addr        Size        Decimal Bytes (Attributes)
--------------------       ----        ----        ------- ----- ------------
_SFR30                 00000000    00000001 =           1. bytes (ABS,CON)

        Value  Global            Value  Global            Value  Global    
        -----  ------            -----  ------            -----  ------    
     0000FF56  _RP_REG  
ASxxxx Linker V03.00 + NoICE + sdld,  page 261.
Hexadecimal  [32-Bits]

Area                       Addr        Size        Decimal Bytes (Attributes)
--------------------       ----        ----        ------- ----- ------------
_SFR31                 00000000    00000001 =           1. bytes (ABS,CON)

        Value  Global            Value  Global            Value  Global    
        -----  ------            -----  ------            -----  ------    
     0000FF68  _BCPS_REG
ASxxxx Linker V03.00 + NoICE + sdld,  page 262.
Hexadecimal  [32-Bits]

Area                       Addr        Size        Decimal Bytes (Attributes)
--------------------       ----        ----        ------- ----- ------------
_SFR32                 00000000    00000001 =           1. bytes (ABS,CON)

        Value  Global            Value  Global            Value  Global    
        -----  ------            -----  ------            -----  ------    
     0000FF69  _BCPD_REG
ASxxxx Linker V03.00 + NoICE + sdld,  page 263.
Hexadecimal  [32-Bits]

Area                       Addr        Size        Decimal Bytes (Attributes)
--------------------       ----        ----        ------- ----- ------------
_SFR33                 00000000    00000001 =           1. bytes (ABS,CON)

        Value  Global            Value  Global            Value  Global    
        -----  ------            -----  ------            -----  ------    
     0000FF6A  _OCPS_REG
ASxxxx Linker V03.00 + NoICE + sdld,  page 264.
Hexadecimal  [32-Bits]

Area                       Addr        Size        Decimal Bytes (Attributes)
--------------------       ----        ----        ------- ----- ------------
_SFR34                 00000000    00000001 =           1. bytes (ABS,CON)

        Value  Global            Value  Global            Value  Global    
        -----  ------            -----  ------            -----  ------    
     0000FF6B  _OCPD_REG
ASxxxx Linker V03.00 + NoICE + sdld,  page 265.
Hexadecimal  [32-Bits]

Area                       Addr        Size        Decimal Bytes (Attributes)
--------------------       ----        ----        ------- ----- ------------
_SFR35                 00000000    00000001 =           1. bytes (ABS,CON)

        Value  Global            Value  Global            Value  Global    
        -----  ------            -----  ------            -----  ------    
     0000FF70  _SVBK_REG
ASxxxx Linker V03.00 + NoICE + sdld,  page 266.
Hexadecimal  [32-Bits]

Area                       Addr        Size        Decimal Bytes (Attributes)
--------------------       ----        ----        ------- ----- ------------
_SFR36                 00000000    00000001 =           1. bytes (ABS,CON)

        Value  Global            Value  Global            Value  Global    
        -----  ------            -----  ------            -----  ------    
     0000FFFF  _IE_REG  
ASxxxx Linker V03.00 + NoICE + sdld,  page 267.
Hexadecimal  [32-Bits]

Area                       Addr        Size        Decimal Bytes (Attributes)
--------------------       ----        ----        ------- ----- ------------
_EMU_HEADER0           00000000    00000003 =           3. bytes (ABS,CON)

        Value  Global            Value  Global            Value  Global    
        -----  ------            -----  ------            -----  ------    
ASxxxx Linker V03.00 + NoICE + sdld,  page 268.

Files Linked                              [ module(s) ]

/Users/cmaltby/Desktop/gbdk2020/lib/small/asxxxx/gb/crt0.o
                                          [ Runtime ]
obj/main.o                                [ main ]
obj/Actor_a.o                             [  ]
obj/Camera_a.o                            [  ]
obj/Scroll_a.o                            [  ]
obj/asm.macros.o                          [  ]
obj/gbt_player.o                          [  ]
obj/gbt_player_bank1.o                    [  ]
obj/Actor.o                               [ Actor ]
obj/Actor_b.o                             [ Actor_b ]
obj/BankData.o                            [ BankData ]
obj/BankManager.o                         [ BankManager ]
obj/Camera.o                              [ Camera ]
obj/Collision.o                           [ Collision ]
obj/Core_Main.o                           [ Core_Main ]
obj/DataManager.o                         [ DataManager ]
obj/FadeManager.o                         [ FadeManager ]
obj/FadeManager_b.o                       [ FadeManager_b ]
obj/Input.o                               [ Input ]
obj/Math.o                                [ Math ]
obj/MusicManager.o                        [ MusicManager ]
obj/Palette.o                             [ Palette ]
obj/Projectiles.o                         [ Projectiles ]
obj/Projectiles_b.o                       [ Projectiles_b ]
obj/ScriptRunner.o                        [ ScriptRunner ]
obj/ScriptRunner_b.o                      [ ScriptRunner_b ]
obj/Scroll.o                              [ Scroll ]
obj/Scroll_b.o                            [ Scroll_b ]
obj/Sprite.o                              [ Sprite ]
obj/Sprite_b.o                            [ Sprite_b ]
obj/Stack.o                               [ Stack ]
obj/Trigger.o                             [ Trigger ]
obj/Trigger_b.o                           [ Trigger_b ]
obj/UI.o                                  [ UI ]
obj/UI_b.o                                [ UI_b ]
obj/Adventure.o                           [ Adventure ]
obj/Platform.o                            [ Platform ]
obj/PointNClick.o                         [ PointNClick ]
obj/Shmup.o                               [ Shmup ]
obj/TopDown.o                             [ TopDown ]
obj/bank_6.o                              [ bank_6 ]
obj/bank_7.o                              [ bank_7 ]
obj/bank_9.o                              [ bank_9 ]
obj/data_ptrs.o                           [ data_ptrs ]
obj/music_bank_8.o                        [ music_bank_8 ]


Libraries Linked                          [ object file ]

/Users/cmaltby/Desktop/gbdk2020/lib/small/asxxxx/gbz80/gbz80.lib
                                          [ crt0_rle.o ]
/Users/cmaltby/Desktop/gbdk2020/lib/small/asxxxx/gbz80/gbz80.lib
                                          [ _strcpy.o ]
/Users/cmaltby/Desktop/gbdk2020/lib/small/asxxxx/gb/gb.lib
                                          [ rand.o ]
/Users/cmaltby/Desktop/gbdk2020/lib/small/asxxxx/gb/gb.lib
                                          [ sfr.o ]
/Users/cmaltby/Desktop/gbdk2020/lib/small/asxxxx/gbz80/gbz80.lib
                                          [ div.o ]
/Users/cmaltby/Desktop/gbdk2020/lib/small/asxxxx/gbz80/gbz80.lib
                                          [ mul.o ]
/Users/cmaltby/Desktop/gbdk2020/lib/small/asxxxx/gb/gb.lib
                                          [ set_wi_t.o ]
/Users/cmaltby/Desktop/gbdk2020/lib/small/asxxxx/gb/gb.lib
                                          [ set_data.o ]
/Users/cmaltby/Desktop/gbdk2020/lib/small/asxxxx/gb/gb.lib
                                          [ pad.o ]
/Users/cmaltby/Desktop/gbdk2020/lib/small/asxxxx/gbz80/gbz80.lib
                                          [ __sdcc_call_hl.o ]
/Users/cmaltby/Desktop/gbdk2020/lib/small/asxxxx/gbz80/gbz80.lib
                                          [ _memcpy.o ]
/Users/cmaltby/Desktop/gbdk2020/lib/small/asxxxx/gbz80/gbz80.lib
                                          [ strcat.o ]
/Users/cmaltby/Desktop/gbdk2020/lib/small/asxxxx/gb/gb.lib
                                          [ bgb_emu.o ]
/Users/cmaltby/Desktop/gbdk2020/lib/small/asxxxx/gbz80/gbz80.lib
                                          [ strlen.o ]
/Users/cmaltby/Desktop/gbdk2020/lib/small/asxxxx/gb/gb.lib
                                          [ cpy_data.o ]
/Users/cmaltby/Desktop/gbdk2020/lib/small/asxxxx/gb/gb.lib
                                          [ set_xy_t.o ]

ASxxxx Linker V03.00 + NoICE + sdld,  page 269.

User Base Address Definitions

_DATA=0xc0a0
_CODE=0x0200
ASxxxx Linker V03.00 + NoICE + sdld,  page 270.

User Global Definitions

_shadow_OAM=0xC000
.STACK=0xDEFF
.refresh_OAM=0xFF80

